Archive member included because of file (symbol)

d:/emi/embedded system diploma/00-tools/03-imt sdk/03- imt sdk/imt_sdk_win_32/winavr/bin/../lib/gcc/avr/4.3.3/avr5\libgcc.a(_exit.o)
                              d:/emi/embedded system diploma/00-tools/03-imt sdk/03- imt sdk/imt_sdk_win_32/winavr/bin/../lib/gcc/avr/4.3.3/../../../../avr/lib/avr5/crtm32.o (exit)
d:/emi/embedded system diploma/00-tools/03-imt sdk/03- imt sdk/imt_sdk_win_32/winavr/bin/../lib/gcc/avr/4.3.3/avr5\libgcc.a(_copy_data.o)
                              ./APP/main.o (__do_copy_data)
d:/emi/embedded system diploma/00-tools/03-imt sdk/03- imt sdk/imt_sdk_win_32/winavr/bin/../lib/gcc/avr/4.3.3/avr5\libgcc.a(_clear_bss.o)
                              ./APP/main.o (__do_clear_bss)
d:/emi/embedded system diploma/00-tools/03-imt sdk/03- imt sdk/imt_sdk_win_32/winavr/bin/../lib/gcc/avr/4.3.3/avr5\libgcc.a(_fixunssfsi.o)
                              ./APP/main.o (__fixunssfsi)
d:/emi/embedded system diploma/00-tools/03-imt sdk/03- imt sdk/imt_sdk_win_32/winavr/bin/../lib/gcc/avr/4.3.3/avr5\libgcc.a(_addsub_sf.o)
                              ./APP/main.o (__subsf3)
d:/emi/embedded system diploma/00-tools/03-imt sdk/03- imt sdk/imt_sdk_win_32/winavr/bin/../lib/gcc/avr/4.3.3/avr5\libgcc.a(_mul_sf.o)
                              ./APP/main.o (__mulsf3)
d:/emi/embedded system diploma/00-tools/03-imt sdk/03- imt sdk/imt_sdk_win_32/winavr/bin/../lib/gcc/avr/4.3.3/avr5\libgcc.a(_gt_sf.o)
                              ./APP/main.o (__gtsf2)
d:/emi/embedded system diploma/00-tools/03-imt sdk/03- imt sdk/imt_sdk_win_32/winavr/bin/../lib/gcc/avr/4.3.3/avr5\libgcc.a(_ge_sf.o)
                              d:/emi/embedded system diploma/00-tools/03-imt sdk/03- imt sdk/imt_sdk_win_32/winavr/bin/../lib/gcc/avr/4.3.3/avr5\libgcc.a(_fixunssfsi.o) (__gesf2)
d:/emi/embedded system diploma/00-tools/03-imt sdk/03- imt sdk/imt_sdk_win_32/winavr/bin/../lib/gcc/avr/4.3.3/avr5\libgcc.a(_lt_sf.o)
                              ./APP/main.o (__ltsf2)
d:/emi/embedded system diploma/00-tools/03-imt sdk/03- imt sdk/imt_sdk_win_32/winavr/bin/../lib/gcc/avr/4.3.3/avr5\libgcc.a(_si_to_sf.o)
                              ./APP/main.o (__floatsisf)
d:/emi/embedded system diploma/00-tools/03-imt sdk/03- imt sdk/imt_sdk_win_32/winavr/bin/../lib/gcc/avr/4.3.3/avr5\libgcc.a(_sf_to_si.o)
                              d:/emi/embedded system diploma/00-tools/03-imt sdk/03- imt sdk/imt_sdk_win_32/winavr/bin/../lib/gcc/avr/4.3.3/avr5\libgcc.a(_fixunssfsi.o) (__fixsfsi)
d:/emi/embedded system diploma/00-tools/03-imt sdk/03- imt sdk/imt_sdk_win_32/winavr/bin/../lib/gcc/avr/4.3.3/avr5\libgcc.a(_thenan_sf.o)
                              d:/emi/embedded system diploma/00-tools/03-imt sdk/03- imt sdk/imt_sdk_win_32/winavr/bin/../lib/gcc/avr/4.3.3/avr5\libgcc.a(_addsub_sf.o) (__thenan_sf)
d:/emi/embedded system diploma/00-tools/03-imt sdk/03- imt sdk/imt_sdk_win_32/winavr/bin/../lib/gcc/avr/4.3.3/avr5\libgcc.a(_prologue.o)
                              d:/emi/embedded system diploma/00-tools/03-imt sdk/03- imt sdk/imt_sdk_win_32/winavr/bin/../lib/gcc/avr/4.3.3/avr5\libgcc.a(_addsub_sf.o) (__prologue_saves__)
d:/emi/embedded system diploma/00-tools/03-imt sdk/03- imt sdk/imt_sdk_win_32/winavr/bin/../lib/gcc/avr/4.3.3/avr5\libgcc.a(_epilogue.o)
                              d:/emi/embedded system diploma/00-tools/03-imt sdk/03- imt sdk/imt_sdk_win_32/winavr/bin/../lib/gcc/avr/4.3.3/avr5\libgcc.a(_addsub_sf.o) (__epilogue_restores__)
d:/emi/embedded system diploma/00-tools/03-imt sdk/03- imt sdk/imt_sdk_win_32/winavr/bin/../lib/gcc/avr/4.3.3/avr5\libgcc.a(_clzsi2.o)
                              d:/emi/embedded system diploma/00-tools/03-imt sdk/03- imt sdk/imt_sdk_win_32/winavr/bin/../lib/gcc/avr/4.3.3/avr5\libgcc.a(_si_to_sf.o) (__clzsi2)
d:/emi/embedded system diploma/00-tools/03-imt sdk/03- imt sdk/imt_sdk_win_32/winavr/bin/../lib/gcc/avr/4.3.3/avr5\libgcc.a(_pack_sf.o)
                              d:/emi/embedded system diploma/00-tools/03-imt sdk/03- imt sdk/imt_sdk_win_32/winavr/bin/../lib/gcc/avr/4.3.3/avr5\libgcc.a(_addsub_sf.o) (__pack_f)
d:/emi/embedded system diploma/00-tools/03-imt sdk/03- imt sdk/imt_sdk_win_32/winavr/bin/../lib/gcc/avr/4.3.3/avr5\libgcc.a(_unpack_sf.o)
                              d:/emi/embedded system diploma/00-tools/03-imt sdk/03- imt sdk/imt_sdk_win_32/winavr/bin/../lib/gcc/avr/4.3.3/avr5\libgcc.a(_addsub_sf.o) (__unpack_f)
d:/emi/embedded system diploma/00-tools/03-imt sdk/03- imt sdk/imt_sdk_win_32/winavr/bin/../lib/gcc/avr/4.3.3/avr5\libgcc.a(_fpcmp_parts_sf.o)
                              d:/emi/embedded system diploma/00-tools/03-imt sdk/03- imt sdk/imt_sdk_win_32/winavr/bin/../lib/gcc/avr/4.3.3/avr5\libgcc.a(_gt_sf.o) (__fpcmp_parts_f)
d:/emi/embedded system diploma/00-tools/03-imt sdk/03- imt sdk/imt_sdk_win_32/winavr/bin/../lib/gcc/avr/4.3.3/avr5\libgcc.a(_clz.o)
                              d:/emi/embedded system diploma/00-tools/03-imt sdk/03- imt sdk/imt_sdk_win_32/winavr/bin/../lib/gcc/avr/4.3.3/avr5\libgcc.a(_clzsi2.o) (__clz_tab)
d:/emi/embedded system diploma/00-tools/03-imt sdk/03- imt sdk/imt_sdk_win_32/winavr/bin/../lib/gcc/avr/4.3.3/../../../../avr/lib/avr5\libc.a(rand.o)
                              ./APP/main.o (rand)
d:/emi/embedded system diploma/00-tools/03-imt sdk/03- imt sdk/imt_sdk_win_32/winavr/bin/../lib/gcc/avr/4.3.3/avr5\libgcc.a(_mulsi3.o)
                              d:/emi/embedded system diploma/00-tools/03-imt sdk/03- imt sdk/imt_sdk_win_32/winavr/bin/../lib/gcc/avr/4.3.3/../../../../avr/lib/avr5\libc.a(rand.o) (__mulsi3)
d:/emi/embedded system diploma/00-tools/03-imt sdk/03- imt sdk/imt_sdk_win_32/winavr/bin/../lib/gcc/avr/4.3.3/avr5\libgcc.a(_divmodsi4.o)
                              d:/emi/embedded system diploma/00-tools/03-imt sdk/03- imt sdk/imt_sdk_win_32/winavr/bin/../lib/gcc/avr/4.3.3/../../../../avr/lib/avr5\libc.a(rand.o) (__divmodsi4)
d:/emi/embedded system diploma/00-tools/03-imt sdk/03- imt sdk/imt_sdk_win_32/winavr/bin/../lib/gcc/avr/4.3.3/avr5\libgcc.a(_udivmodsi4.o)
                              d:/emi/embedded system diploma/00-tools/03-imt sdk/03- imt sdk/imt_sdk_win_32/winavr/bin/../lib/gcc/avr/4.3.3/avr5\libgcc.a(_divmodsi4.o) (__udivmodsi4)

Allocating common symbols
Common symbol       size              file

CENTER_SENSOR_      0x1               ./APP/main.o
Q_new               0x4               ./APP/main.o
RIGHT_SENSOR_       0x1               ./APP/main.o
Next_State          0x1               ./APP/main.o
Q_Max               0x4               ./APP/main.o
Q_old               0x4               ./APP/main.o
Robot_CurrentState  0x1               ./APP/main.o
Robot_Action_ToTake
                    0x1               ./APP/main.o
LEFT_SENSOR_        0x1               ./APP/main.o

Memory Configuration

Name             Origin             Length             Attributes
text             0x00000000         0x00020000         xr
data             0x00800060         0x0000ffa0         rw !x
eeprom           0x00810000         0x00010000         rw !x
fuse             0x00820000         0x00000400         rw !x
lock             0x00830000         0x00000400         rw !x
signature        0x00840000         0x00000400         rw !x
*default*        0x00000000         0xffffffff

Linker script and memory map

LOAD d:/emi/embedded system diploma/00-tools/03-imt sdk/03- imt sdk/imt_sdk_win_32/winavr/bin/../lib/gcc/avr/4.3.3/../../../../avr/lib/avr5/crtm32.o
LOAD ./MCAL/TIMER_COUNTER_V1/Timer_Counter_prg.o
LOAD ./MCAL/DIO_V1/DIO_prg.o
LOAD ./HAL/IR_Sensor_Handler/IR_Sensor_prg.o
LOAD ./HAL/DC_Motors_Handler/DC_Motors_prg.o
LOAD ./APP/main.o
LOAD d:/emi/embedded system diploma/00-tools/03-imt sdk/03- imt sdk/imt_sdk_win_32/winavr/bin/../lib/gcc/avr/4.3.3/avr5\libgcc.a
LOAD d:/emi/embedded system diploma/00-tools/03-imt sdk/03- imt sdk/imt_sdk_win_32/winavr/bin/../lib/gcc/avr/4.3.3/../../../../avr/lib/avr5\libc.a
LOAD d:/emi/embedded system diploma/00-tools/03-imt sdk/03- imt sdk/imt_sdk_win_32/winavr/bin/../lib/gcc/avr/4.3.3/avr5\libgcc.a

.hash
 *(.hash)

.dynsym
 *(.dynsym)

.dynstr
 *(.dynstr)

.gnu.version
 *(.gnu.version)

.gnu.version_d
 *(.gnu.version_d)

.gnu.version_r
 *(.gnu.version_r)

.rel.init
 *(.rel.init)

.rela.init
 *(.rela.init)

.rel.text
 *(.rel.text)
 *(.rel.text.*)
 *(.rel.gnu.linkonce.t*)

.rela.text
 *(.rela.text)
 *(.rela.text.*)
 *(.rela.gnu.linkonce.t*)

.rel.fini
 *(.rel.fini)

.rela.fini
 *(.rela.fini)

.rel.rodata
 *(.rel.rodata)
 *(.rel.rodata.*)
 *(.rel.gnu.linkonce.r*)

.rela.rodata
 *(.rela.rodata)
 *(.rela.rodata.*)
 *(.rela.gnu.linkonce.r*)

.rel.data
 *(.rel.data)
 *(.rel.data.*)
 *(.rel.gnu.linkonce.d*)

.rela.data
 *(.rela.data)
 *(.rela.data.*)
 *(.rela.gnu.linkonce.d*)

.rel.ctors
 *(.rel.ctors)

.rela.ctors
 *(.rela.ctors)

.rel.dtors
 *(.rel.dtors)

.rela.dtors
 *(.rela.dtors)

.rel.got
 *(.rel.got)

.rela.got
 *(.rela.got)

.rel.bss
 *(.rel.bss)

.rela.bss
 *(.rela.bss)

.rel.plt
 *(.rel.plt)

.rela.plt
 *(.rela.plt)

.text           0x00000000     0x22a2
 *(.vectors)
 .vectors       0x00000000       0x54 d:/emi/embedded system diploma/00-tools/03-imt sdk/03- imt sdk/imt_sdk_win_32/winavr/bin/../lib/gcc/avr/4.3.3/../../../../avr/lib/avr5/crtm32.o
                0x00000000                __vectors
                0x00000000                __vector_default
 *(.vectors)
 *(.progmem.gcc*)
 *(.progmem*)
                0x00000054                . = ALIGN (0x2)
                0x00000054                __trampolines_start = .
 *(.trampolines)
 .trampolines   0x00000054        0x0 linker stubs
 *(.trampolines*)
                0x00000054                __trampolines_end = .
 *(.jumptables)
 *(.jumptables*)
 *(.lowtext)
 *(.lowtext*)
                0x00000054                __ctors_start = .
 *(.ctors)
                0x00000054                __ctors_end = .
                0x00000054                __dtors_start = .
 *(.dtors)
                0x00000054                __dtors_end = .
 SORT(*)(.ctors)
 SORT(*)(.dtors)
 *(.init0)
 .init0         0x00000054        0x0 d:/emi/embedded system diploma/00-tools/03-imt sdk/03- imt sdk/imt_sdk_win_32/winavr/bin/../lib/gcc/avr/4.3.3/../../../../avr/lib/avr5/crtm32.o
                0x00000054                __init
 *(.init0)
 *(.init1)
 *(.init1)
 *(.init2)
 .init2         0x00000054        0xc d:/emi/embedded system diploma/00-tools/03-imt sdk/03- imt sdk/imt_sdk_win_32/winavr/bin/../lib/gcc/avr/4.3.3/../../../../avr/lib/avr5/crtm32.o
 *(.init2)
 *(.init3)
 *(.init3)
 *(.init4)
 .init4         0x00000060       0x16 d:/emi/embedded system diploma/00-tools/03-imt sdk/03- imt sdk/imt_sdk_win_32/winavr/bin/../lib/gcc/avr/4.3.3/avr5\libgcc.a(_copy_data.o)
                0x00000060                __do_copy_data
 .init4         0x00000076       0x10 d:/emi/embedded system diploma/00-tools/03-imt sdk/03- imt sdk/imt_sdk_win_32/winavr/bin/../lib/gcc/avr/4.3.3/avr5\libgcc.a(_clear_bss.o)
                0x00000076                __do_clear_bss
 *(.init4)
 *(.init5)
 *(.init5)
 *(.init6)
 *(.init6)
 *(.init7)
 *(.init7)
 *(.init8)
 *(.init8)
 *(.init9)
 .init9         0x00000086        0x8 d:/emi/embedded system diploma/00-tools/03-imt sdk/03- imt sdk/imt_sdk_win_32/winavr/bin/../lib/gcc/avr/4.3.3/../../../../avr/lib/avr5/crtm32.o
 *(.init9)
 *(.text)
 .text          0x0000008e        0x4 d:/emi/embedded system diploma/00-tools/03-imt sdk/03- imt sdk/imt_sdk_win_32/winavr/bin/../lib/gcc/avr/4.3.3/../../../../avr/lib/avr5/crtm32.o
                0x0000008e                __vector_1
                0x0000008e                __vector_12
                0x0000008e                __bad_interrupt
                0x0000008e                __vector_6
                0x0000008e                __vector_3
                0x0000008e                __vector_11
                0x0000008e                __vector_13
                0x0000008e                __vector_17
                0x0000008e                __vector_19
                0x0000008e                __vector_7
                0x0000008e                __vector_5
                0x0000008e                __vector_4
                0x0000008e                __vector_9
                0x0000008e                __vector_2
                0x0000008e                __vector_15
                0x0000008e                __vector_8
                0x0000008e                __vector_14
                0x0000008e                __vector_10
                0x0000008e                __vector_16
                0x0000008e                __vector_18
                0x0000008e                __vector_20
 .text          0x00000092        0x0 ./MCAL/TIMER_COUNTER_V1/Timer_Counter_prg.o
 .text          0x00000092        0x0 ./MCAL/DIO_V1/DIO_prg.o
 .text          0x00000092        0x0 ./HAL/IR_Sensor_Handler/IR_Sensor_prg.o
 .text          0x00000092        0x0 ./HAL/DC_Motors_Handler/DC_Motors_prg.o
 .text          0x00000092        0x0 ./APP/main.o
 .text          0x00000092        0x0 d:/emi/embedded system diploma/00-tools/03-imt sdk/03- imt sdk/imt_sdk_win_32/winavr/bin/../lib/gcc/avr/4.3.3/avr5\libgcc.a(_exit.o)
 .text          0x00000092        0x0 d:/emi/embedded system diploma/00-tools/03-imt sdk/03- imt sdk/imt_sdk_win_32/winavr/bin/../lib/gcc/avr/4.3.3/avr5\libgcc.a(_copy_data.o)
 .text          0x00000092        0x0 d:/emi/embedded system diploma/00-tools/03-imt sdk/03- imt sdk/imt_sdk_win_32/winavr/bin/../lib/gcc/avr/4.3.3/avr5\libgcc.a(_clear_bss.o)
 .text          0x00000092       0x58 d:/emi/embedded system diploma/00-tools/03-imt sdk/03- imt sdk/imt_sdk_win_32/winavr/bin/../lib/gcc/avr/4.3.3/avr5\libgcc.a(_fixunssfsi.o)
                0x00000092                __fixunssfsi
 .text          0x000000ea      0x354 d:/emi/embedded system diploma/00-tools/03-imt sdk/03- imt sdk/imt_sdk_win_32/winavr/bin/../lib/gcc/avr/4.3.3/avr5\libgcc.a(_addsub_sf.o)
                0x00000382                __subsf3
                0x000003e4                __addsf3
 .text          0x0000043e      0x1f4 d:/emi/embedded system diploma/00-tools/03-imt sdk/03- imt sdk/imt_sdk_win_32/winavr/bin/../lib/gcc/avr/4.3.3/avr5\libgcc.a(_mul_sf.o)
                0x0000043e                __mulsf3
 .text          0x00000632       0x60 d:/emi/embedded system diploma/00-tools/03-imt sdk/03- imt sdk/imt_sdk_win_32/winavr/bin/../lib/gcc/avr/4.3.3/avr5\libgcc.a(_gt_sf.o)
                0x00000632                __gtsf2
 .text          0x00000692       0x60 d:/emi/embedded system diploma/00-tools/03-imt sdk/03- imt sdk/imt_sdk_win_32/winavr/bin/../lib/gcc/avr/4.3.3/avr5\libgcc.a(_ge_sf.o)
                0x00000692                __gesf2
 .text          0x000006f2       0x60 d:/emi/embedded system diploma/00-tools/03-imt sdk/03- imt sdk/imt_sdk_win_32/winavr/bin/../lib/gcc/avr/4.3.3/avr5\libgcc.a(_lt_sf.o)
                0x000006f2                __ltsf2
 .text          0x00000752       0xbc d:/emi/embedded system diploma/00-tools/03-imt sdk/03- imt sdk/imt_sdk_win_32/winavr/bin/../lib/gcc/avr/4.3.3/avr5\libgcc.a(_si_to_sf.o)
                0x00000752                __floatsisf
 .text          0x0000080e       0xa8 d:/emi/embedded system diploma/00-tools/03-imt sdk/03- imt sdk/imt_sdk_win_32/winavr/bin/../lib/gcc/avr/4.3.3/avr5\libgcc.a(_sf_to_si.o)
                0x0000080e                __fixsfsi
 .text          0x000008b6        0x0 d:/emi/embedded system diploma/00-tools/03-imt sdk/03- imt sdk/imt_sdk_win_32/winavr/bin/../lib/gcc/avr/4.3.3/avr5\libgcc.a(_thenan_sf.o)
 .text          0x000008b6        0x0 d:/emi/embedded system diploma/00-tools/03-imt sdk/03- imt sdk/imt_sdk_win_32/winavr/bin/../lib/gcc/avr/4.3.3/avr5\libgcc.a(_prologue.o)
 .text          0x000008b6        0x0 d:/emi/embedded system diploma/00-tools/03-imt sdk/03- imt sdk/imt_sdk_win_32/winavr/bin/../lib/gcc/avr/4.3.3/avr5\libgcc.a(_epilogue.o)
 .text          0x000008b6       0x9e d:/emi/embedded system diploma/00-tools/03-imt sdk/03- imt sdk/imt_sdk_win_32/winavr/bin/../lib/gcc/avr/4.3.3/avr5\libgcc.a(_clzsi2.o)
                0x000008b6                __clzsi2
 .text          0x00000954      0x1aa d:/emi/embedded system diploma/00-tools/03-imt sdk/03- imt sdk/imt_sdk_win_32/winavr/bin/../lib/gcc/avr/4.3.3/avr5\libgcc.a(_pack_sf.o)
                0x00000954                __pack_f
 .text          0x00000afe       0xf0 d:/emi/embedded system diploma/00-tools/03-imt sdk/03- imt sdk/imt_sdk_win_32/winavr/bin/../lib/gcc/avr/4.3.3/avr5\libgcc.a(_unpack_sf.o)
                0x00000afe                __unpack_f
 .text          0x00000bee       0xb2 d:/emi/embedded system diploma/00-tools/03-imt sdk/03- imt sdk/imt_sdk_win_32/winavr/bin/../lib/gcc/avr/4.3.3/avr5\libgcc.a(_fpcmp_parts_sf.o)
                0x00000bee                __fpcmp_parts_f
 .text          0x00000ca0        0x0 d:/emi/embedded system diploma/00-tools/03-imt sdk/03- imt sdk/imt_sdk_win_32/winavr/bin/../lib/gcc/avr/4.3.3/avr5\libgcc.a(_clz.o)
 .text          0x00000ca0        0x0 d:/emi/embedded system diploma/00-tools/03-imt sdk/03- imt sdk/imt_sdk_win_32/winavr/bin/../lib/gcc/avr/4.3.3/../../../../avr/lib/avr5\libc.a(rand.o)
 .text          0x00000ca0        0x0 d:/emi/embedded system diploma/00-tools/03-imt sdk/03- imt sdk/imt_sdk_win_32/winavr/bin/../lib/gcc/avr/4.3.3/avr5\libgcc.a(_mulsi3.o)
 .text          0x00000ca0        0x0 d:/emi/embedded system diploma/00-tools/03-imt sdk/03- imt sdk/imt_sdk_win_32/winavr/bin/../lib/gcc/avr/4.3.3/avr5\libgcc.a(_divmodsi4.o)
 .text          0x00000ca0        0x0 d:/emi/embedded system diploma/00-tools/03-imt sdk/03- imt sdk/imt_sdk_win_32/winavr/bin/../lib/gcc/avr/4.3.3/avr5\libgcc.a(_udivmodsi4.o)
                0x00000ca0                . = ALIGN (0x2)
 *(.text.*)
 .text.Timer_Voidinit
                0x00000ca0       0x2e ./MCAL/TIMER_COUNTER_V1/Timer_Counter_prg.o
                0x00000ca0                Timer_Voidinit
 .text.Timer_voidON
                0x00000cce       0x2e ./MCAL/TIMER_COUNTER_V1/Timer_Counter_prg.o
                0x00000cce                Timer_voidON
 .text.DIO_u8setPinDirection
                0x00000cfc      0x234 ./MCAL/DIO_V1/DIO_prg.o
                0x00000cfc                DIO_u8setPinDirection
 .text.DIO_u8setPinValue
                0x00000f30      0x234 ./MCAL/DIO_V1/DIO_prg.o
                0x00000f30                DIO_u8setPinValue
 .text.DIO_u8getPinValue
                0x00001164      0x130 ./MCAL/DIO_V1/DIO_prg.o
                0x00001164                DIO_u8getPinValue
 .text.SENSOR_vidinit
                0x00001294       0x2c ./HAL/IR_Sensor_Handler/IR_Sensor_prg.o
                0x00001294                SENSOR_vidinit
 .text.DC_MOTORS_vidinit
                0x000012c0       0x36 ./HAL/DC_Motors_Handler/DC_Motors_prg.o
                0x000012c0                DC_MOTORS_vidinit
 .text.INPUTS_vidCommand
                0x000012f6       0x4a ./HAL/DC_Motors_Handler/DC_Motors_prg.o
                0x000012f6                INPUTS_vidCommand
 .text.Get_stateNumber
                0x00001340      0x122 ./APP/main.o
                0x00001340                Get_stateNumber
 .text.Get_max_Q
                0x00001462       0xe8 ./APP/main.o
                0x00001462                Get_max_Q
 .text.Get_max_Q_Index
                0x0000154a       0xe8 ./APP/main.o
                0x0000154a                Get_max_Q_Index
 .text.Update_Q
                0x00001632      0x1b4 ./APP/main.o
                0x00001632                Update_Q
 .text.forward  0x000017e6       0x22 ./APP/main.o
                0x000017e6                forward
 .text.stop     0x00001808       0x20 ./APP/main.o
                0x00001808                stop
 .text.left     0x00001828       0x22 ./APP/main.o
                0x00001828                left
 .text.right    0x0000184a       0x22 ./APP/main.o
                0x0000184a                right
 .text.Start_Robot_Testing
                0x0000186c      0x418 ./APP/main.o
                0x0000186c                Start_Robot_Testing
 .text.Start_Robot_Trainig
                0x00001c84      0x3be ./APP/main.o
                0x00001c84                Start_Robot_Trainig
 .text.main     0x00002042       0x74 ./APP/main.o
                0x00002042                main
 .text.libgcc   0x000020b6        0x0 d:/emi/embedded system diploma/00-tools/03-imt sdk/03- imt sdk/imt_sdk_win_32/winavr/bin/../lib/gcc/avr/4.3.3/avr5\libgcc.a(_exit.o)
 .text.libgcc   0x000020b6        0x0 d:/emi/embedded system diploma/00-tools/03-imt sdk/03- imt sdk/imt_sdk_win_32/winavr/bin/../lib/gcc/avr/4.3.3/avr5\libgcc.a(_copy_data.o)
 .text.libgcc   0x000020b6        0x0 d:/emi/embedded system diploma/00-tools/03-imt sdk/03- imt sdk/imt_sdk_win_32/winavr/bin/../lib/gcc/avr/4.3.3/avr5\libgcc.a(_clear_bss.o)
 .text.libgcc   0x000020b6       0x38 d:/emi/embedded system diploma/00-tools/03-imt sdk/03- imt sdk/imt_sdk_win_32/winavr/bin/../lib/gcc/avr/4.3.3/avr5\libgcc.a(_prologue.o)
                0x000020b6                __prologue_saves__
 .text.libgcc   0x000020ee       0x36 d:/emi/embedded system diploma/00-tools/03-imt sdk/03- imt sdk/imt_sdk_win_32/winavr/bin/../lib/gcc/avr/4.3.3/avr5\libgcc.a(_epilogue.o)
                0x000020ee                __epilogue_restores__
 .text.avr-libc
                0x00002124       0xc2 d:/emi/embedded system diploma/00-tools/03-imt sdk/03- imt sdk/imt_sdk_win_32/winavr/bin/../lib/gcc/avr/4.3.3/../../../../avr/lib/avr5\libc.a(rand.o)
                0x000021c0                rand_r
                0x000021c6                rand
                0x000021d0                srand
 .text.libgcc   0x000021e6       0x3e d:/emi/embedded system diploma/00-tools/03-imt sdk/03- imt sdk/imt_sdk_win_32/winavr/bin/../lib/gcc/avr/4.3.3/avr5\libgcc.a(_mulsi3.o)
                0x000021e6                __mulsi3
 .text.libgcc   0x00002224       0x36 d:/emi/embedded system diploma/00-tools/03-imt sdk/03- imt sdk/imt_sdk_win_32/winavr/bin/../lib/gcc/avr/4.3.3/avr5\libgcc.a(_divmodsi4.o)
                0x00002224                __divmodsi4
 .text.libgcc   0x0000225a       0x44 d:/emi/embedded system diploma/00-tools/03-imt sdk/03- imt sdk/imt_sdk_win_32/winavr/bin/../lib/gcc/avr/4.3.3/avr5\libgcc.a(_udivmodsi4.o)
                0x0000225a                __udivmodsi4
                0x0000229e                . = ALIGN (0x2)
 *(.fini9)
 .fini9         0x0000229e        0x0 d:/emi/embedded system diploma/00-tools/03-imt sdk/03- imt sdk/imt_sdk_win_32/winavr/bin/../lib/gcc/avr/4.3.3/avr5\libgcc.a(_exit.o)
                0x0000229e                exit
                0x0000229e                _exit
 *(.fini9)
 *(.fini8)
 *(.fini8)
 *(.fini7)
 *(.fini7)
 *(.fini6)
 *(.fini6)
 *(.fini5)
 *(.fini5)
 *(.fini4)
 *(.fini4)
 *(.fini3)
 *(.fini3)
 *(.fini2)
 *(.fini2)
 *(.fini1)
 *(.fini1)
 *(.fini0)
 .fini0         0x0000229e        0x4 d:/emi/embedded system diploma/00-tools/03-imt sdk/03- imt sdk/imt_sdk_win_32/winavr/bin/../lib/gcc/avr/4.3.3/avr5\libgcc.a(_exit.o)
 *(.fini0)
                0x000022a2                _etext = .

.data           0x00800060      0x118 load address 0x000022a2
                0x00800060                PROVIDE (__data_start, .)
 *(.data)
 .data          0x00800060        0x0 d:/emi/embedded system diploma/00-tools/03-imt sdk/03- imt sdk/imt_sdk_win_32/winavr/bin/../lib/gcc/avr/4.3.3/../../../../avr/lib/avr5/crtm32.o
 .data          0x00800060        0x0 ./MCAL/TIMER_COUNTER_V1/Timer_Counter_prg.o
 .data          0x00800060        0x0 ./MCAL/DIO_V1/DIO_prg.o
 .data          0x00800060        0x0 ./HAL/IR_Sensor_Handler/IR_Sensor_prg.o
 .data          0x00800060        0x0 ./HAL/DC_Motors_Handler/DC_Motors_prg.o
 .data          0x00800060        0x0 ./APP/main.o
 .data          0x00800060        0x0 d:/emi/embedded system diploma/00-tools/03-imt sdk/03- imt sdk/imt_sdk_win_32/winavr/bin/../lib/gcc/avr/4.3.3/avr5\libgcc.a(_exit.o)
 .data          0x00800060        0x0 d:/emi/embedded system diploma/00-tools/03-imt sdk/03- imt sdk/imt_sdk_win_32/winavr/bin/../lib/gcc/avr/4.3.3/avr5\libgcc.a(_copy_data.o)
 .data          0x00800060        0x0 d:/emi/embedded system diploma/00-tools/03-imt sdk/03- imt sdk/imt_sdk_win_32/winavr/bin/../lib/gcc/avr/4.3.3/avr5\libgcc.a(_clear_bss.o)
 .data          0x00800060        0x0 d:/emi/embedded system diploma/00-tools/03-imt sdk/03- imt sdk/imt_sdk_win_32/winavr/bin/../lib/gcc/avr/4.3.3/avr5\libgcc.a(_fixunssfsi.o)
 .data          0x00800060        0x0 d:/emi/embedded system diploma/00-tools/03-imt sdk/03- imt sdk/imt_sdk_win_32/winavr/bin/../lib/gcc/avr/4.3.3/avr5\libgcc.a(_addsub_sf.o)
 .data          0x00800060        0x0 d:/emi/embedded system diploma/00-tools/03-imt sdk/03- imt sdk/imt_sdk_win_32/winavr/bin/../lib/gcc/avr/4.3.3/avr5\libgcc.a(_mul_sf.o)
 .data          0x00800060        0x0 d:/emi/embedded system diploma/00-tools/03-imt sdk/03- imt sdk/imt_sdk_win_32/winavr/bin/../lib/gcc/avr/4.3.3/avr5\libgcc.a(_gt_sf.o)
 .data          0x00800060        0x0 d:/emi/embedded system diploma/00-tools/03-imt sdk/03- imt sdk/imt_sdk_win_32/winavr/bin/../lib/gcc/avr/4.3.3/avr5\libgcc.a(_ge_sf.o)
 .data          0x00800060        0x0 d:/emi/embedded system diploma/00-tools/03-imt sdk/03- imt sdk/imt_sdk_win_32/winavr/bin/../lib/gcc/avr/4.3.3/avr5\libgcc.a(_lt_sf.o)
 .data          0x00800060        0x0 d:/emi/embedded system diploma/00-tools/03-imt sdk/03- imt sdk/imt_sdk_win_32/winavr/bin/../lib/gcc/avr/4.3.3/avr5\libgcc.a(_si_to_sf.o)
 .data          0x00800060        0x0 d:/emi/embedded system diploma/00-tools/03-imt sdk/03- imt sdk/imt_sdk_win_32/winavr/bin/../lib/gcc/avr/4.3.3/avr5\libgcc.a(_sf_to_si.o)
 .data          0x00800060        0x8 d:/emi/embedded system diploma/00-tools/03-imt sdk/03- imt sdk/imt_sdk_win_32/winavr/bin/../lib/gcc/avr/4.3.3/avr5\libgcc.a(_thenan_sf.o)
                0x00800060                __thenan_sf
 .data          0x00800068        0x0 d:/emi/embedded system diploma/00-tools/03-imt sdk/03- imt sdk/imt_sdk_win_32/winavr/bin/../lib/gcc/avr/4.3.3/avr5\libgcc.a(_prologue.o)
 .data          0x00800068        0x0 d:/emi/embedded system diploma/00-tools/03-imt sdk/03- imt sdk/imt_sdk_win_32/winavr/bin/../lib/gcc/avr/4.3.3/avr5\libgcc.a(_epilogue.o)
 .data          0x00800068        0x0 d:/emi/embedded system diploma/00-tools/03-imt sdk/03- imt sdk/imt_sdk_win_32/winavr/bin/../lib/gcc/avr/4.3.3/avr5\libgcc.a(_clzsi2.o)
 .data          0x00800068        0x0 d:/emi/embedded system diploma/00-tools/03-imt sdk/03- imt sdk/imt_sdk_win_32/winavr/bin/../lib/gcc/avr/4.3.3/avr5\libgcc.a(_pack_sf.o)
 .data          0x00800068        0x0 d:/emi/embedded system diploma/00-tools/03-imt sdk/03- imt sdk/imt_sdk_win_32/winavr/bin/../lib/gcc/avr/4.3.3/avr5\libgcc.a(_unpack_sf.o)
 .data          0x00800068        0x0 d:/emi/embedded system diploma/00-tools/03-imt sdk/03- imt sdk/imt_sdk_win_32/winavr/bin/../lib/gcc/avr/4.3.3/avr5\libgcc.a(_fpcmp_parts_sf.o)
 .data          0x00800068      0x100 d:/emi/embedded system diploma/00-tools/03-imt sdk/03- imt sdk/imt_sdk_win_32/winavr/bin/../lib/gcc/avr/4.3.3/avr5\libgcc.a(_clz.o)
                0x00800068                __clz_tab
 .data          0x00800168        0x4 d:/emi/embedded system diploma/00-tools/03-imt sdk/03- imt sdk/imt_sdk_win_32/winavr/bin/../lib/gcc/avr/4.3.3/../../../../avr/lib/avr5\libc.a(rand.o)
 .data          0x0080016c        0x0 d:/emi/embedded system diploma/00-tools/03-imt sdk/03- imt sdk/imt_sdk_win_32/winavr/bin/../lib/gcc/avr/4.3.3/avr5\libgcc.a(_mulsi3.o)
 .data          0x0080016c        0x0 d:/emi/embedded system diploma/00-tools/03-imt sdk/03- imt sdk/imt_sdk_win_32/winavr/bin/../lib/gcc/avr/4.3.3/avr5\libgcc.a(_divmodsi4.o)
 .data          0x0080016c        0x0 d:/emi/embedded system diploma/00-tools/03-imt sdk/03- imt sdk/imt_sdk_win_32/winavr/bin/../lib/gcc/avr/4.3.3/avr5\libgcc.a(_udivmodsi4.o)
 *(.data*)
 .data.Actions  0x0080016c        0x4 ./APP/main.o
                0x0080016c                Actions
 *(.rodata)
 *(.rodata*)
 .rodata.ALPHA  0x00800170        0x4 ./APP/main.o
                0x00800170                ALPHA
 .rodata.GAMMA  0x00800174        0x4 ./APP/main.o
                0x00800174                GAMMA
 *(.gnu.linkonce.d*)
                0x00800178                . = ALIGN (0x2)
                0x00800178                _edata = .
                0x00800178                PROVIDE (__data_end, .)

.bss            0x00800178       0xd2
                0x00800178                PROVIDE (__bss_start, .)
 *(.bss)
 .bss           0x00800178        0x0 d:/emi/embedded system diploma/00-tools/03-imt sdk/03- imt sdk/imt_sdk_win_32/winavr/bin/../lib/gcc/avr/4.3.3/../../../../avr/lib/avr5/crtm32.o
 .bss           0x00800178        0x0 ./MCAL/TIMER_COUNTER_V1/Timer_Counter_prg.o
 .bss           0x00800178        0x0 ./MCAL/DIO_V1/DIO_prg.o
 .bss           0x00800178        0x0 ./HAL/IR_Sensor_Handler/IR_Sensor_prg.o
 .bss           0x00800178        0x0 ./HAL/DC_Motors_Handler/DC_Motors_prg.o
 .bss           0x00800178        0x0 ./APP/main.o
 .bss           0x00800178        0x0 d:/emi/embedded system diploma/00-tools/03-imt sdk/03- imt sdk/imt_sdk_win_32/winavr/bin/../lib/gcc/avr/4.3.3/avr5\libgcc.a(_exit.o)
 .bss           0x00800178        0x0 d:/emi/embedded system diploma/00-tools/03-imt sdk/03- imt sdk/imt_sdk_win_32/winavr/bin/../lib/gcc/avr/4.3.3/avr5\libgcc.a(_copy_data.o)
 .bss           0x00800178        0x0 d:/emi/embedded system diploma/00-tools/03-imt sdk/03- imt sdk/imt_sdk_win_32/winavr/bin/../lib/gcc/avr/4.3.3/avr5\libgcc.a(_clear_bss.o)
 .bss           0x00800178        0x0 d:/emi/embedded system diploma/00-tools/03-imt sdk/03- imt sdk/imt_sdk_win_32/winavr/bin/../lib/gcc/avr/4.3.3/avr5\libgcc.a(_fixunssfsi.o)
 .bss           0x00800178        0x0 d:/emi/embedded system diploma/00-tools/03-imt sdk/03- imt sdk/imt_sdk_win_32/winavr/bin/../lib/gcc/avr/4.3.3/avr5\libgcc.a(_addsub_sf.o)
 .bss           0x00800178        0x0 d:/emi/embedded system diploma/00-tools/03-imt sdk/03- imt sdk/imt_sdk_win_32/winavr/bin/../lib/gcc/avr/4.3.3/avr5\libgcc.a(_mul_sf.o)
 .bss           0x00800178        0x0 d:/emi/embedded system diploma/00-tools/03-imt sdk/03- imt sdk/imt_sdk_win_32/winavr/bin/../lib/gcc/avr/4.3.3/avr5\libgcc.a(_gt_sf.o)
 .bss           0x00800178        0x0 d:/emi/embedded system diploma/00-tools/03-imt sdk/03- imt sdk/imt_sdk_win_32/winavr/bin/../lib/gcc/avr/4.3.3/avr5\libgcc.a(_ge_sf.o)
 .bss           0x00800178        0x0 d:/emi/embedded system diploma/00-tools/03-imt sdk/03- imt sdk/imt_sdk_win_32/winavr/bin/../lib/gcc/avr/4.3.3/avr5\libgcc.a(_lt_sf.o)
 .bss           0x00800178        0x0 d:/emi/embedded system diploma/00-tools/03-imt sdk/03- imt sdk/imt_sdk_win_32/winavr/bin/../lib/gcc/avr/4.3.3/avr5\libgcc.a(_si_to_sf.o)
 .bss           0x00800178        0x0 d:/emi/embedded system diploma/00-tools/03-imt sdk/03- imt sdk/imt_sdk_win_32/winavr/bin/../lib/gcc/avr/4.3.3/avr5\libgcc.a(_sf_to_si.o)
 .bss           0x00800178        0x0 d:/emi/embedded system diploma/00-tools/03-imt sdk/03- imt sdk/imt_sdk_win_32/winavr/bin/../lib/gcc/avr/4.3.3/avr5\libgcc.a(_thenan_sf.o)
 .bss           0x00800178        0x0 d:/emi/embedded system diploma/00-tools/03-imt sdk/03- imt sdk/imt_sdk_win_32/winavr/bin/../lib/gcc/avr/4.3.3/avr5\libgcc.a(_prologue.o)
 .bss           0x00800178        0x0 d:/emi/embedded system diploma/00-tools/03-imt sdk/03- imt sdk/imt_sdk_win_32/winavr/bin/../lib/gcc/avr/4.3.3/avr5\libgcc.a(_epilogue.o)
 .bss           0x00800178        0x0 d:/emi/embedded system diploma/00-tools/03-imt sdk/03- imt sdk/imt_sdk_win_32/winavr/bin/../lib/gcc/avr/4.3.3/avr5\libgcc.a(_clzsi2.o)
 .bss           0x00800178        0x0 d:/emi/embedded system diploma/00-tools/03-imt sdk/03- imt sdk/imt_sdk_win_32/winavr/bin/../lib/gcc/avr/4.3.3/avr5\libgcc.a(_pack_sf.o)
 .bss           0x00800178        0x0 d:/emi/embedded system diploma/00-tools/03-imt sdk/03- imt sdk/imt_sdk_win_32/winavr/bin/../lib/gcc/avr/4.3.3/avr5\libgcc.a(_unpack_sf.o)
 .bss           0x00800178        0x0 d:/emi/embedded system diploma/00-tools/03-imt sdk/03- imt sdk/imt_sdk_win_32/winavr/bin/../lib/gcc/avr/4.3.3/avr5\libgcc.a(_fpcmp_parts_sf.o)
 .bss           0x00800178        0x0 d:/emi/embedded system diploma/00-tools/03-imt sdk/03- imt sdk/imt_sdk_win_32/winavr/bin/../lib/gcc/avr/4.3.3/avr5\libgcc.a(_clz.o)
 .bss           0x00800178        0x0 d:/emi/embedded system diploma/00-tools/03-imt sdk/03- imt sdk/imt_sdk_win_32/winavr/bin/../lib/gcc/avr/4.3.3/../../../../avr/lib/avr5\libc.a(rand.o)
 .bss           0x00800178        0x0 d:/emi/embedded system diploma/00-tools/03-imt sdk/03- imt sdk/imt_sdk_win_32/winavr/bin/../lib/gcc/avr/4.3.3/avr5\libgcc.a(_mulsi3.o)
 .bss           0x00800178        0x0 d:/emi/embedded system diploma/00-tools/03-imt sdk/03- imt sdk/imt_sdk_win_32/winavr/bin/../lib/gcc/avr/4.3.3/avr5\libgcc.a(_divmodsi4.o)
 .bss           0x00800178        0x0 d:/emi/embedded system diploma/00-tools/03-imt sdk/03- imt sdk/imt_sdk_win_32/winavr/bin/../lib/gcc/avr/4.3.3/avr5\libgcc.a(_udivmodsi4.o)
 *(.bss*)
 .bss.Q         0x00800178       0x80 ./APP/main.o
                0x00800178                Q
 .bss.Rewards   0x008001f8       0x40 ./APP/main.o
                0x008001f8                Rewards
 *(COMMON)
 COMMON         0x00800238       0x12 ./APP/main.o
                0x00800238                CENTER_SENSOR_
                0x00800239                Q_new
                0x0080023d                RIGHT_SENSOR_
                0x0080023e                Next_State
                0x0080023f                Q_Max
                0x00800243                Q_old
                0x00800247                Robot_CurrentState
                0x00800248                Robot_Action_ToTake
                0x00800249                LEFT_SENSOR_
                0x0080024a                PROVIDE (__bss_end, .)
                0x000022a2                __data_load_start = LOADADDR (.data)
                0x000023ba                __data_load_end = (__data_load_start + SIZEOF (.data))

.noinit         0x0080024a        0x0
                0x0080024a                PROVIDE (__noinit_start, .)
 *(.noinit*)
                0x0080024a                PROVIDE (__noinit_end, .)
                0x0080024a                _end = .
                0x0080024a                PROVIDE (__heap_start, .)

.eeprom         0x00810000        0x0
 *(.eeprom*)
                0x00810000                __eeprom_end = .

.fuse
 *(.fuse)
 *(.lfuse)
 *(.hfuse)
 *(.efuse)

.lock
 *(.lock*)

.signature
 *(.signature*)

.stab           0x00000000     0x19ec
 *(.stab)
 .stab          0x00000000      0x294 ./MCAL/TIMER_COUNTER_V1/Timer_Counter_prg.o
 .stab          0x00000294      0x4bc ./MCAL/DIO_V1/DIO_prg.o
                                0x4c8 (size before relaxing)
 .stab          0x00000750      0x360 ./HAL/IR_Sensor_Handler/IR_Sensor_prg.o
                                0x36c (size before relaxing)
 .stab          0x00000ab0      0x264 ./HAL/DC_Motors_Handler/DC_Motors_prg.o
                                0x3fc (size before relaxing)
 .stab          0x00000d14      0xcd8 ./APP/main.o
                                0xe70 (size before relaxing)

.stabstr        0x00000000     0x1275
 *(.stabstr)
 .stabstr       0x00000000     0x1275 ./MCAL/TIMER_COUNTER_V1/Timer_Counter_prg.o

.stab.excl
 *(.stab.excl)

.stab.exclstr
 *(.stab.exclstr)

.stab.index
 *(.stab.index)

.stab.indexstr
 *(.stab.indexstr)

.comment
 *(.comment)

.debug
 *(.debug)

.line
 *(.line)

.debug_srcinfo
 *(.debug_srcinfo)

.debug_sfnames
 *(.debug_sfnames)

.debug_aranges  0x00000000      0x180
 *(.debug_aranges)
 .debug_aranges
                0x00000000       0x20 d:/emi/embedded system diploma/00-tools/03-imt sdk/03- imt sdk/imt_sdk_win_32/winavr/bin/../lib/gcc/avr/4.3.3/avr5\libgcc.a(_fixunssfsi.o)
 .debug_aranges
                0x00000020       0x20 d:/emi/embedded system diploma/00-tools/03-imt sdk/03- imt sdk/imt_sdk_win_32/winavr/bin/../lib/gcc/avr/4.3.3/avr5\libgcc.a(_addsub_sf.o)
 .debug_aranges
                0x00000040       0x20 d:/emi/embedded system diploma/00-tools/03-imt sdk/03- imt sdk/imt_sdk_win_32/winavr/bin/../lib/gcc/avr/4.3.3/avr5\libgcc.a(_mul_sf.o)
 .debug_aranges
                0x00000060       0x20 d:/emi/embedded system diploma/00-tools/03-imt sdk/03- imt sdk/imt_sdk_win_32/winavr/bin/../lib/gcc/avr/4.3.3/avr5\libgcc.a(_gt_sf.o)
 .debug_aranges
                0x00000080       0x20 d:/emi/embedded system diploma/00-tools/03-imt sdk/03- imt sdk/imt_sdk_win_32/winavr/bin/../lib/gcc/avr/4.3.3/avr5\libgcc.a(_ge_sf.o)
 .debug_aranges
                0x000000a0       0x20 d:/emi/embedded system diploma/00-tools/03-imt sdk/03- imt sdk/imt_sdk_win_32/winavr/bin/../lib/gcc/avr/4.3.3/avr5\libgcc.a(_lt_sf.o)
 .debug_aranges
                0x000000c0       0x20 d:/emi/embedded system diploma/00-tools/03-imt sdk/03- imt sdk/imt_sdk_win_32/winavr/bin/../lib/gcc/avr/4.3.3/avr5\libgcc.a(_si_to_sf.o)
 .debug_aranges
                0x000000e0       0x20 d:/emi/embedded system diploma/00-tools/03-imt sdk/03- imt sdk/imt_sdk_win_32/winavr/bin/../lib/gcc/avr/4.3.3/avr5\libgcc.a(_sf_to_si.o)
 .debug_aranges
                0x00000100       0x20 d:/emi/embedded system diploma/00-tools/03-imt sdk/03- imt sdk/imt_sdk_win_32/winavr/bin/../lib/gcc/avr/4.3.3/avr5\libgcc.a(_clzsi2.o)
 .debug_aranges
                0x00000120       0x20 d:/emi/embedded system diploma/00-tools/03-imt sdk/03- imt sdk/imt_sdk_win_32/winavr/bin/../lib/gcc/avr/4.3.3/avr5\libgcc.a(_pack_sf.o)
 .debug_aranges
                0x00000140       0x20 d:/emi/embedded system diploma/00-tools/03-imt sdk/03- imt sdk/imt_sdk_win_32/winavr/bin/../lib/gcc/avr/4.3.3/avr5\libgcc.a(_unpack_sf.o)
 .debug_aranges
                0x00000160       0x20 d:/emi/embedded system diploma/00-tools/03-imt sdk/03- imt sdk/imt_sdk_win_32/winavr/bin/../lib/gcc/avr/4.3.3/avr5\libgcc.a(_fpcmp_parts_sf.o)

.debug_pubnames
                0x00000000      0x1d1
 *(.debug_pubnames)
 .debug_pubnames
                0x00000000       0x23 d:/emi/embedded system diploma/00-tools/03-imt sdk/03- imt sdk/imt_sdk_win_32/winavr/bin/../lib/gcc/avr/4.3.3/avr5\libgcc.a(_fixunssfsi.o)
 .debug_pubnames
                0x00000023       0x2c d:/emi/embedded system diploma/00-tools/03-imt sdk/03- imt sdk/imt_sdk_win_32/winavr/bin/../lib/gcc/avr/4.3.3/avr5\libgcc.a(_addsub_sf.o)
 .debug_pubnames
                0x0000004f       0x1f d:/emi/embedded system diploma/00-tools/03-imt sdk/03- imt sdk/imt_sdk_win_32/winavr/bin/../lib/gcc/avr/4.3.3/avr5\libgcc.a(_mul_sf.o)
 .debug_pubnames
                0x0000006e       0x1e d:/emi/embedded system diploma/00-tools/03-imt sdk/03- imt sdk/imt_sdk_win_32/winavr/bin/../lib/gcc/avr/4.3.3/avr5\libgcc.a(_gt_sf.o)
 .debug_pubnames
                0x0000008c       0x1e d:/emi/embedded system diploma/00-tools/03-imt sdk/03- imt sdk/imt_sdk_win_32/winavr/bin/../lib/gcc/avr/4.3.3/avr5\libgcc.a(_ge_sf.o)
 .debug_pubnames
                0x000000aa       0x1e d:/emi/embedded system diploma/00-tools/03-imt sdk/03- imt sdk/imt_sdk_win_32/winavr/bin/../lib/gcc/avr/4.3.3/avr5\libgcc.a(_lt_sf.o)
 .debug_pubnames
                0x000000c8       0x22 d:/emi/embedded system diploma/00-tools/03-imt sdk/03- imt sdk/imt_sdk_win_32/winavr/bin/../lib/gcc/avr/4.3.3/avr5\libgcc.a(_si_to_sf.o)
 .debug_pubnames
                0x000000ea       0x20 d:/emi/embedded system diploma/00-tools/03-imt sdk/03- imt sdk/imt_sdk_win_32/winavr/bin/../lib/gcc/avr/4.3.3/avr5\libgcc.a(_sf_to_si.o)
 .debug_pubnames
                0x0000010a       0x22 d:/emi/embedded system diploma/00-tools/03-imt sdk/03- imt sdk/imt_sdk_win_32/winavr/bin/../lib/gcc/avr/4.3.3/avr5\libgcc.a(_thenan_sf.o)
 .debug_pubnames
                0x0000012c       0x1f d:/emi/embedded system diploma/00-tools/03-imt sdk/03- imt sdk/imt_sdk_win_32/winavr/bin/../lib/gcc/avr/4.3.3/avr5\libgcc.a(_clzsi2.o)
 .debug_pubnames
                0x0000014b       0x1f d:/emi/embedded system diploma/00-tools/03-imt sdk/03- imt sdk/imt_sdk_win_32/winavr/bin/../lib/gcc/avr/4.3.3/avr5\libgcc.a(_pack_sf.o)
 .debug_pubnames
                0x0000016a       0x21 d:/emi/embedded system diploma/00-tools/03-imt sdk/03- imt sdk/imt_sdk_win_32/winavr/bin/../lib/gcc/avr/4.3.3/avr5\libgcc.a(_unpack_sf.o)
 .debug_pubnames
                0x0000018b       0x26 d:/emi/embedded system diploma/00-tools/03-imt sdk/03- imt sdk/imt_sdk_win_32/winavr/bin/../lib/gcc/avr/4.3.3/avr5\libgcc.a(_fpcmp_parts_sf.o)
 .debug_pubnames
                0x000001b1       0x20 d:/emi/embedded system diploma/00-tools/03-imt sdk/03- imt sdk/imt_sdk_win_32/winavr/bin/../lib/gcc/avr/4.3.3/avr5\libgcc.a(_clz.o)

.debug_info     0x00000000     0x2010
 *(.debug_info)
 .debug_info    0x00000000       0xb1 d:/emi/embedded system diploma/00-tools/03-imt sdk/03- imt sdk/imt_sdk_win_32/winavr/bin/../lib/gcc/avr/4.3.3/avr5\libgcc.a(_fixunssfsi.o)
 .debug_info    0x000000b1      0x47a d:/emi/embedded system diploma/00-tools/03-imt sdk/03- imt sdk/imt_sdk_win_32/winavr/bin/../lib/gcc/avr/4.3.3/avr5\libgcc.a(_addsub_sf.o)
 .debug_info    0x0000052b      0x485 d:/emi/embedded system diploma/00-tools/03-imt sdk/03- imt sdk/imt_sdk_win_32/winavr/bin/../lib/gcc/avr/4.3.3/avr5\libgcc.a(_mul_sf.o)
 .debug_info    0x000009b0      0x27f d:/emi/embedded system diploma/00-tools/03-imt sdk/03- imt sdk/imt_sdk_win_32/winavr/bin/../lib/gcc/avr/4.3.3/avr5\libgcc.a(_gt_sf.o)
 .debug_info    0x00000c2f      0x27f d:/emi/embedded system diploma/00-tools/03-imt sdk/03- imt sdk/imt_sdk_win_32/winavr/bin/../lib/gcc/avr/4.3.3/avr5\libgcc.a(_ge_sf.o)
 .debug_info    0x00000eae      0x27f d:/emi/embedded system diploma/00-tools/03-imt sdk/03- imt sdk/imt_sdk_win_32/winavr/bin/../lib/gcc/avr/4.3.3/avr5\libgcc.a(_lt_sf.o)
 .debug_info    0x0000112d      0x207 d:/emi/embedded system diploma/00-tools/03-imt sdk/03- imt sdk/imt_sdk_win_32/winavr/bin/../lib/gcc/avr/4.3.3/avr5\libgcc.a(_si_to_sf.o)
 .debug_info    0x00001334      0x2b0 d:/emi/embedded system diploma/00-tools/03-imt sdk/03- imt sdk/imt_sdk_win_32/winavr/bin/../lib/gcc/avr/4.3.3/avr5\libgcc.a(_sf_to_si.o)
 .debug_info    0x000015e4      0x12c d:/emi/embedded system diploma/00-tools/03-imt sdk/03- imt sdk/imt_sdk_win_32/winavr/bin/../lib/gcc/avr/4.3.3/avr5\libgcc.a(_thenan_sf.o)
 .debug_info    0x00001710      0x117 d:/emi/embedded system diploma/00-tools/03-imt sdk/03- imt sdk/imt_sdk_win_32/winavr/bin/../lib/gcc/avr/4.3.3/avr5\libgcc.a(_clzsi2.o)
 .debug_info    0x00001827      0x2df d:/emi/embedded system diploma/00-tools/03-imt sdk/03- imt sdk/imt_sdk_win_32/winavr/bin/../lib/gcc/avr/4.3.3/avr5\libgcc.a(_pack_sf.o)
 .debug_info    0x00001b06      0x251 d:/emi/embedded system diploma/00-tools/03-imt sdk/03- imt sdk/imt_sdk_win_32/winavr/bin/../lib/gcc/avr/4.3.3/avr5\libgcc.a(_unpack_sf.o)
 .debug_info    0x00001d57      0x210 d:/emi/embedded system diploma/00-tools/03-imt sdk/03- imt sdk/imt_sdk_win_32/winavr/bin/../lib/gcc/avr/4.3.3/avr5\libgcc.a(_fpcmp_parts_sf.o)
 .debug_info    0x00001f67       0xa9 d:/emi/embedded system diploma/00-tools/03-imt sdk/03- imt sdk/imt_sdk_win_32/winavr/bin/../lib/gcc/avr/4.3.3/avr5\libgcc.a(_clz.o)
 *(.gnu.linkonce.wi.*)

.debug_abbrev   0x00000000     0x1161
 *(.debug_abbrev)
 .debug_abbrev  0x00000000       0x5d d:/emi/embedded system diploma/00-tools/03-imt sdk/03- imt sdk/imt_sdk_win_32/winavr/bin/../lib/gcc/avr/4.3.3/avr5\libgcc.a(_fixunssfsi.o)
 .debug_abbrev  0x0000005d      0x1ea d:/emi/embedded system diploma/00-tools/03-imt sdk/03- imt sdk/imt_sdk_win_32/winavr/bin/../lib/gcc/avr/4.3.3/avr5\libgcc.a(_addsub_sf.o)
 .debug_abbrev  0x00000247      0x21b d:/emi/embedded system diploma/00-tools/03-imt sdk/03- imt sdk/imt_sdk_win_32/winavr/bin/../lib/gcc/avr/4.3.3/avr5\libgcc.a(_mul_sf.o)
 .debug_abbrev  0x00000462      0x15a d:/emi/embedded system diploma/00-tools/03-imt sdk/03- imt sdk/imt_sdk_win_32/winavr/bin/../lib/gcc/avr/4.3.3/avr5\libgcc.a(_gt_sf.o)
 .debug_abbrev  0x000005bc      0x15a d:/emi/embedded system diploma/00-tools/03-imt sdk/03- imt sdk/imt_sdk_win_32/winavr/bin/../lib/gcc/avr/4.3.3/avr5\libgcc.a(_ge_sf.o)
 .debug_abbrev  0x00000716      0x15a d:/emi/embedded system diploma/00-tools/03-imt sdk/03- imt sdk/imt_sdk_win_32/winavr/bin/../lib/gcc/avr/4.3.3/avr5\libgcc.a(_lt_sf.o)
 .debug_abbrev  0x00000870      0x148 d:/emi/embedded system diploma/00-tools/03-imt sdk/03- imt sdk/imt_sdk_win_32/winavr/bin/../lib/gcc/avr/4.3.3/avr5\libgcc.a(_si_to_sf.o)
 .debug_abbrev  0x000009b8      0x17f d:/emi/embedded system diploma/00-tools/03-imt sdk/03- imt sdk/imt_sdk_win_32/winavr/bin/../lib/gcc/avr/4.3.3/avr5\libgcc.a(_sf_to_si.o)
 .debug_abbrev  0x00000b37       0xad d:/emi/embedded system diploma/00-tools/03-imt sdk/03- imt sdk/imt_sdk_win_32/winavr/bin/../lib/gcc/avr/4.3.3/avr5\libgcc.a(_thenan_sf.o)
 .debug_abbrev  0x00000be4       0xc4 d:/emi/embedded system diploma/00-tools/03-imt sdk/03- imt sdk/imt_sdk_win_32/winavr/bin/../lib/gcc/avr/4.3.3/avr5\libgcc.a(_clzsi2.o)
 .debug_abbrev  0x00000ca8      0x1c0 d:/emi/embedded system diploma/00-tools/03-imt sdk/03- imt sdk/imt_sdk_win_32/winavr/bin/../lib/gcc/avr/4.3.3/avr5\libgcc.a(_pack_sf.o)
 .debug_abbrev  0x00000e68      0x154 d:/emi/embedded system diploma/00-tools/03-imt sdk/03- imt sdk/imt_sdk_win_32/winavr/bin/../lib/gcc/avr/4.3.3/avr5\libgcc.a(_unpack_sf.o)
 .debug_abbrev  0x00000fbc      0x13b d:/emi/embedded system diploma/00-tools/03-imt sdk/03- imt sdk/imt_sdk_win_32/winavr/bin/../lib/gcc/avr/4.3.3/avr5\libgcc.a(_fpcmp_parts_sf.o)
 .debug_abbrev  0x000010f7       0x6a d:/emi/embedded system diploma/00-tools/03-imt sdk/03- imt sdk/imt_sdk_win_32/winavr/bin/../lib/gcc/avr/4.3.3/avr5\libgcc.a(_clz.o)

.debug_line     0x00000000     0x1003
 *(.debug_line)
 .debug_line    0x00000000       0xa7 d:/emi/embedded system diploma/00-tools/03-imt sdk/03- imt sdk/imt_sdk_win_32/winavr/bin/../lib/gcc/avr/4.3.3/avr5\libgcc.a(_fixunssfsi.o)
 .debug_line    0x000000a7      0x2af d:/emi/embedded system diploma/00-tools/03-imt sdk/03- imt sdk/imt_sdk_win_32/winavr/bin/../lib/gcc/avr/4.3.3/avr5\libgcc.a(_addsub_sf.o)
 .debug_line    0x00000356      0x239 d:/emi/embedded system diploma/00-tools/03-imt sdk/03- imt sdk/imt_sdk_win_32/winavr/bin/../lib/gcc/avr/4.3.3/avr5\libgcc.a(_mul_sf.o)
 .debug_line    0x0000058f       0xd3 d:/emi/embedded system diploma/00-tools/03-imt sdk/03- imt sdk/imt_sdk_win_32/winavr/bin/../lib/gcc/avr/4.3.3/avr5\libgcc.a(_gt_sf.o)
 .debug_line    0x00000662       0xd3 d:/emi/embedded system diploma/00-tools/03-imt sdk/03- imt sdk/imt_sdk_win_32/winavr/bin/../lib/gcc/avr/4.3.3/avr5\libgcc.a(_ge_sf.o)
 .debug_line    0x00000735       0xd3 d:/emi/embedded system diploma/00-tools/03-imt sdk/03- imt sdk/imt_sdk_win_32/winavr/bin/../lib/gcc/avr/4.3.3/avr5\libgcc.a(_lt_sf.o)
 .debug_line    0x00000808      0x135 d:/emi/embedded system diploma/00-tools/03-imt sdk/03- imt sdk/imt_sdk_win_32/winavr/bin/../lib/gcc/avr/4.3.3/avr5\libgcc.a(_si_to_sf.o)
 .debug_line    0x0000093d      0x109 d:/emi/embedded system diploma/00-tools/03-imt sdk/03- imt sdk/imt_sdk_win_32/winavr/bin/../lib/gcc/avr/4.3.3/avr5\libgcc.a(_sf_to_si.o)
 .debug_line    0x00000a46       0x90 d:/emi/embedded system diploma/00-tools/03-imt sdk/03- imt sdk/imt_sdk_win_32/winavr/bin/../lib/gcc/avr/4.3.3/avr5\libgcc.a(_thenan_sf.o)
 .debug_line    0x00000ad6       0xa5 d:/emi/embedded system diploma/00-tools/03-imt sdk/03- imt sdk/imt_sdk_win_32/winavr/bin/../lib/gcc/avr/4.3.3/avr5\libgcc.a(_clzsi2.o)
 .debug_line    0x00000b7b      0x18a d:/emi/embedded system diploma/00-tools/03-imt sdk/03- imt sdk/imt_sdk_win_32/winavr/bin/../lib/gcc/avr/4.3.3/avr5\libgcc.a(_pack_sf.o)
 .debug_line    0x00000d05      0x14b d:/emi/embedded system diploma/00-tools/03-imt sdk/03- imt sdk/imt_sdk_win_32/winavr/bin/../lib/gcc/avr/4.3.3/avr5\libgcc.a(_unpack_sf.o)
 .debug_line    0x00000e50      0x137 d:/emi/embedded system diploma/00-tools/03-imt sdk/03- imt sdk/imt_sdk_win_32/winavr/bin/../lib/gcc/avr/4.3.3/avr5\libgcc.a(_fpcmp_parts_sf.o)
 .debug_line    0x00000f87       0x7c d:/emi/embedded system diploma/00-tools/03-imt sdk/03- imt sdk/imt_sdk_win_32/winavr/bin/../lib/gcc/avr/4.3.3/avr5\libgcc.a(_clz.o)

.debug_frame    0x00000000      0x1a0
 *(.debug_frame)
 .debug_frame   0x00000000       0x20 d:/emi/embedded system diploma/00-tools/03-imt sdk/03- imt sdk/imt_sdk_win_32/winavr/bin/../lib/gcc/avr/4.3.3/avr5\libgcc.a(_fixunssfsi.o)
 .debug_frame   0x00000020       0x40 d:/emi/embedded system diploma/00-tools/03-imt sdk/03- imt sdk/imt_sdk_win_32/winavr/bin/../lib/gcc/avr/4.3.3/avr5\libgcc.a(_addsub_sf.o)
 .debug_frame   0x00000060       0x20 d:/emi/embedded system diploma/00-tools/03-imt sdk/03- imt sdk/imt_sdk_win_32/winavr/bin/../lib/gcc/avr/4.3.3/avr5\libgcc.a(_mul_sf.o)
 .debug_frame   0x00000080       0x20 d:/emi/embedded system diploma/00-tools/03-imt sdk/03- imt sdk/imt_sdk_win_32/winavr/bin/../lib/gcc/avr/4.3.3/avr5\libgcc.a(_gt_sf.o)
 .debug_frame   0x000000a0       0x20 d:/emi/embedded system diploma/00-tools/03-imt sdk/03- imt sdk/imt_sdk_win_32/winavr/bin/../lib/gcc/avr/4.3.3/avr5\libgcc.a(_ge_sf.o)
 .debug_frame   0x000000c0       0x20 d:/emi/embedded system diploma/00-tools/03-imt sdk/03- imt sdk/imt_sdk_win_32/winavr/bin/../lib/gcc/avr/4.3.3/avr5\libgcc.a(_lt_sf.o)
 .debug_frame   0x000000e0       0x20 d:/emi/embedded system diploma/00-tools/03-imt sdk/03- imt sdk/imt_sdk_win_32/winavr/bin/../lib/gcc/avr/4.3.3/avr5\libgcc.a(_si_to_sf.o)
 .debug_frame   0x00000100       0x20 d:/emi/embedded system diploma/00-tools/03-imt sdk/03- imt sdk/imt_sdk_win_32/winavr/bin/../lib/gcc/avr/4.3.3/avr5\libgcc.a(_sf_to_si.o)
 .debug_frame   0x00000120       0x20 d:/emi/embedded system diploma/00-tools/03-imt sdk/03- imt sdk/imt_sdk_win_32/winavr/bin/../lib/gcc/avr/4.3.3/avr5\libgcc.a(_clzsi2.o)
 .debug_frame   0x00000140       0x20 d:/emi/embedded system diploma/00-tools/03-imt sdk/03- imt sdk/imt_sdk_win_32/winavr/bin/../lib/gcc/avr/4.3.3/avr5\libgcc.a(_pack_sf.o)
 .debug_frame   0x00000160       0x20 d:/emi/embedded system diploma/00-tools/03-imt sdk/03- imt sdk/imt_sdk_win_32/winavr/bin/../lib/gcc/avr/4.3.3/avr5\libgcc.a(_unpack_sf.o)
 .debug_frame   0x00000180       0x20 d:/emi/embedded system diploma/00-tools/03-imt sdk/03- imt sdk/imt_sdk_win_32/winavr/bin/../lib/gcc/avr/4.3.3/avr5\libgcc.a(_fpcmp_parts_sf.o)

.debug_str      0x00000000      0x2be
 *(.debug_str)
 .debug_str     0x00000000       0xbf d:/emi/embedded system diploma/00-tools/03-imt sdk/03- imt sdk/imt_sdk_win_32/winavr/bin/../lib/gcc/avr/4.3.3/avr5\libgcc.a(_fixunssfsi.o)
                                 0xfe (size before relaxing)
 .debug_str     0x000000bf      0x14d d:/emi/embedded system diploma/00-tools/03-imt sdk/03- imt sdk/imt_sdk_win_32/winavr/bin/../lib/gcc/avr/4.3.3/avr5\libgcc.a(_addsub_sf.o)
                                0x206 (size before relaxing)
 .debug_str     0x0000020c       0x27 d:/emi/embedded system diploma/00-tools/03-imt sdk/03- imt sdk/imt_sdk_win_32/winavr/bin/../lib/gcc/avr/4.3.3/avr5\libgcc.a(_mul_sf.o)
                                0x1bf (size before relaxing)
 .debug_str     0x00000233        0x8 d:/emi/embedded system diploma/00-tools/03-imt sdk/03- imt sdk/imt_sdk_win_32/winavr/bin/../lib/gcc/avr/4.3.3/avr5\libgcc.a(_gt_sf.o)
                                0x195 (size before relaxing)
 .debug_str     0x0000023b        0x8 d:/emi/embedded system diploma/00-tools/03-imt sdk/03- imt sdk/imt_sdk_win_32/winavr/bin/../lib/gcc/avr/4.3.3/avr5\libgcc.a(_ge_sf.o)
                                0x195 (size before relaxing)
 .debug_str     0x00000243        0x8 d:/emi/embedded system diploma/00-tools/03-imt sdk/03- imt sdk/imt_sdk_win_32/winavr/bin/../lib/gcc/avr/4.3.3/avr5\libgcc.a(_lt_sf.o)
                                0x195 (size before relaxing)
 .debug_str     0x0000024b       0x1e d:/emi/embedded system diploma/00-tools/03-imt sdk/03- imt sdk/imt_sdk_win_32/winavr/bin/../lib/gcc/avr/4.3.3/avr5\libgcc.a(_si_to_sf.o)
                                0x17b (size before relaxing)
 .debug_str     0x00000269        0xa d:/emi/embedded system diploma/00-tools/03-imt sdk/03- imt sdk/imt_sdk_win_32/winavr/bin/../lib/gcc/avr/4.3.3/avr5\libgcc.a(_sf_to_si.o)
                                0x19e (size before relaxing)
 .debug_str     0x00000000      0x103 d:/emi/embedded system diploma/00-tools/03-imt sdk/03- imt sdk/imt_sdk_win_32/winavr/bin/../lib/gcc/avr/4.3.3/avr5\libgcc.a(_thenan_sf.o)
 .debug_str     0x00000273       0x20 d:/emi/embedded system diploma/00-tools/03-imt sdk/03- imt sdk/imt_sdk_win_32/winavr/bin/../lib/gcc/avr/4.3.3/avr5\libgcc.a(_clzsi2.o)
                                0x111 (size before relaxing)
 .debug_str     0x00000293       0x10 d:/emi/embedded system diploma/00-tools/03-imt sdk/03- imt sdk/imt_sdk_win_32/winavr/bin/../lib/gcc/avr/4.3.3/avr5\libgcc.a(_pack_sf.o)
                                0x19d (size before relaxing)
 .debug_str     0x000002a3        0xb d:/emi/embedded system diploma/00-tools/03-imt sdk/03- imt sdk/imt_sdk_win_32/winavr/bin/../lib/gcc/avr/4.3.3/avr5\libgcc.a(_unpack_sf.o)
                                0x17f (size before relaxing)
 .debug_str     0x000002ae       0x10 d:/emi/embedded system diploma/00-tools/03-imt sdk/03- imt sdk/imt_sdk_win_32/winavr/bin/../lib/gcc/avr/4.3.3/avr5\libgcc.a(_fpcmp_parts_sf.o)
                                0x163 (size before relaxing)
 .debug_str     0x00000000       0xf4 d:/emi/embedded system diploma/00-tools/03-imt sdk/03- imt sdk/imt_sdk_win_32/winavr/bin/../lib/gcc/avr/4.3.3/avr5\libgcc.a(_clz.o)

.debug_loc      0x00000000      0x90e
 *(.debug_loc)
 .debug_loc     0x00000000       0x34 d:/emi/embedded system diploma/00-tools/03-imt sdk/03- imt sdk/imt_sdk_win_32/winavr/bin/../lib/gcc/avr/4.3.3/avr5\libgcc.a(_fixunssfsi.o)
 .debug_loc     0x00000034      0x32a d:/emi/embedded system diploma/00-tools/03-imt sdk/03- imt sdk/imt_sdk_win_32/winavr/bin/../lib/gcc/avr/4.3.3/avr5\libgcc.a(_addsub_sf.o)
 .debug_loc     0x0000035e      0x104 d:/emi/embedded system diploma/00-tools/03-imt sdk/03- imt sdk/imt_sdk_win_32/winavr/bin/../lib/gcc/avr/4.3.3/avr5\libgcc.a(_mul_sf.o)
 .debug_loc     0x00000462       0x3c d:/emi/embedded system diploma/00-tools/03-imt sdk/03- imt sdk/imt_sdk_win_32/winavr/bin/../lib/gcc/avr/4.3.3/avr5\libgcc.a(_gt_sf.o)
 .debug_loc     0x0000049e       0x3c d:/emi/embedded system diploma/00-tools/03-imt sdk/03- imt sdk/imt_sdk_win_32/winavr/bin/../lib/gcc/avr/4.3.3/avr5\libgcc.a(_ge_sf.o)
 .debug_loc     0x000004da       0x3c d:/emi/embedded system diploma/00-tools/03-imt sdk/03- imt sdk/imt_sdk_win_32/winavr/bin/../lib/gcc/avr/4.3.3/avr5\libgcc.a(_lt_sf.o)
 .debug_loc     0x00000516       0xac d:/emi/embedded system diploma/00-tools/03-imt sdk/03- imt sdk/imt_sdk_win_32/winavr/bin/../lib/gcc/avr/4.3.3/avr5\libgcc.a(_si_to_sf.o)
 .debug_loc     0x000005c2       0x7e d:/emi/embedded system diploma/00-tools/03-imt sdk/03- imt sdk/imt_sdk_win_32/winavr/bin/../lib/gcc/avr/4.3.3/avr5\libgcc.a(_sf_to_si.o)
 .debug_loc     0x00000640       0x94 d:/emi/embedded system diploma/00-tools/03-imt sdk/03- imt sdk/imt_sdk_win_32/winavr/bin/../lib/gcc/avr/4.3.3/avr5\libgcc.a(_clzsi2.o)
 .debug_loc     0x000006d4      0x13e d:/emi/embedded system diploma/00-tools/03-imt sdk/03- imt sdk/imt_sdk_win_32/winavr/bin/../lib/gcc/avr/4.3.3/avr5\libgcc.a(_pack_sf.o)
 .debug_loc     0x00000812       0xac d:/emi/embedded system diploma/00-tools/03-imt sdk/03- imt sdk/imt_sdk_win_32/winavr/bin/../lib/gcc/avr/4.3.3/avr5\libgcc.a(_unpack_sf.o)
 .debug_loc     0x000008be       0x50 d:/emi/embedded system diploma/00-tools/03-imt sdk/03- imt sdk/imt_sdk_win_32/winavr/bin/../lib/gcc/avr/4.3.3/avr5\libgcc.a(_fpcmp_parts_sf.o)

.debug_macinfo
 *(.debug_macinfo)
OUTPUT(Line_Folllower32.elf elf32-avr)
LOAD linker stubs

.debug_ranges   0x00000000       0x50
 .debug_ranges  0x00000000       0x50 d:/emi/embedded system diploma/00-tools/03-imt sdk/03- imt sdk/imt_sdk_win_32/winavr/bin/../lib/gcc/avr/4.3.3/avr5\libgcc.a(_mul_sf.o)
