Archive member included because of file (symbol)

d:/emi/embedded system diploma/00-tools/03-imt sdk/03- imt sdk/imt_sdk_win_32/winavr/bin/../lib/gcc/avr/4.3.3/avr5\libgcc.a(_exit.o)
                              d:/emi/embedded system diploma/00-tools/03-imt sdk/03- imt sdk/imt_sdk_win_32/winavr/bin/../lib/gcc/avr/4.3.3/../../../../avr/lib/avr5/crtm32.o (exit)
d:/emi/embedded system diploma/00-tools/03-imt sdk/03- imt sdk/imt_sdk_win_32/winavr/bin/../lib/gcc/avr/4.3.3/../../../../avr/lib/avr5\libc.a(rand.o)
                              ./APP/main.o (rand)
d:/emi/embedded system diploma/00-tools/03-imt sdk/03- imt sdk/imt_sdk_win_32/winavr/bin/../lib/gcc/avr/4.3.3/avr5\libgcc.a(_mulsi3.o)
                              d:/emi/embedded system diploma/00-tools/03-imt sdk/03- imt sdk/imt_sdk_win_32/winavr/bin/../lib/gcc/avr/4.3.3/../../../../avr/lib/avr5\libc.a(rand.o) (__mulsi3)
d:/emi/embedded system diploma/00-tools/03-imt sdk/03- imt sdk/imt_sdk_win_32/winavr/bin/../lib/gcc/avr/4.3.3/avr5\libgcc.a(_divmodsi4.o)
                              d:/emi/embedded system diploma/00-tools/03-imt sdk/03- imt sdk/imt_sdk_win_32/winavr/bin/../lib/gcc/avr/4.3.3/../../../../avr/lib/avr5\libc.a(rand.o) (__divmodsi4)
d:/emi/embedded system diploma/00-tools/03-imt sdk/03- imt sdk/imt_sdk_win_32/winavr/bin/../lib/gcc/avr/4.3.3/avr5\libgcc.a(_prologue.o)
                              d:/emi/embedded system diploma/00-tools/03-imt sdk/03- imt sdk/imt_sdk_win_32/winavr/bin/../lib/gcc/avr/4.3.3/../../../../avr/lib/avr5\libc.a(rand.o) (__prologue_saves__)
d:/emi/embedded system diploma/00-tools/03-imt sdk/03- imt sdk/imt_sdk_win_32/winavr/bin/../lib/gcc/avr/4.3.3/avr5\libgcc.a(_epilogue.o)
                              d:/emi/embedded system diploma/00-tools/03-imt sdk/03- imt sdk/imt_sdk_win_32/winavr/bin/../lib/gcc/avr/4.3.3/../../../../avr/lib/avr5\libc.a(rand.o) (__epilogue_restores__)
d:/emi/embedded system diploma/00-tools/03-imt sdk/03- imt sdk/imt_sdk_win_32/winavr/bin/../lib/gcc/avr/4.3.3/avr5\libgcc.a(_copy_data.o)
                              d:/emi/embedded system diploma/00-tools/03-imt sdk/03- imt sdk/imt_sdk_win_32/winavr/bin/../lib/gcc/avr/4.3.3/../../../../avr/lib/avr5\libc.a(rand.o) (__do_copy_data)
d:/emi/embedded system diploma/00-tools/03-imt sdk/03- imt sdk/imt_sdk_win_32/winavr/bin/../lib/gcc/avr/4.3.3/avr5\libgcc.a(_udivmodsi4.o)
                              d:/emi/embedded system diploma/00-tools/03-imt sdk/03- imt sdk/imt_sdk_win_32/winavr/bin/../lib/gcc/avr/4.3.3/avr5\libgcc.a(_divmodsi4.o) (__udivmodsi4)

Memory Configuration

Name             Origin             Length             Attributes
text             0x00000000         0x00020000         xr
data             0x00800060         0x0000ffa0         rw !x
eeprom           0x00810000         0x00010000         rw !x
fuse             0x00820000         0x00000400         rw !x
lock             0x00830000         0x00000400         rw !x
signature        0x00840000         0x00000400         rw !x
*default*        0x00000000         0xffffffff

Linker script and memory map

LOAD d:/emi/embedded system diploma/00-tools/03-imt sdk/03- imt sdk/imt_sdk_win_32/winavr/bin/../lib/gcc/avr/4.3.3/../../../../avr/lib/avr5/crtm32.o
LOAD ./MCAL/TIMER_COUNTER_V1/Timer_Counter_prg.o
LOAD ./MCAL/INT_GIE_V1/INT_GIE_prg.o
LOAD ./MCAL/DIO_V1/DIO_prg.o
LOAD ./HAL/IR_Sensor_Handler/IR_Sensor_prg.o
LOAD ./HAL/DC_Motors_Handler/DC_Motors_prg.o
LOAD ./APP/main.o
LOAD d:/emi/embedded system diploma/00-tools/03-imt sdk/03- imt sdk/imt_sdk_win_32/winavr/bin/../lib/gcc/avr/4.3.3/avr5\libgcc.a
LOAD d:/emi/embedded system diploma/00-tools/03-imt sdk/03- imt sdk/imt_sdk_win_32/winavr/bin/../lib/gcc/avr/4.3.3/../../../../avr/lib/avr5\libc.a
LOAD d:/emi/embedded system diploma/00-tools/03-imt sdk/03- imt sdk/imt_sdk_win_32/winavr/bin/../lib/gcc/avr/4.3.3/avr5\libgcc.a

.hash
 *(.hash)

.dynsym
 *(.dynsym)

.dynstr
 *(.dynstr)

.gnu.version
 *(.gnu.version)

.gnu.version_d
 *(.gnu.version_d)

.gnu.version_r
 *(.gnu.version_r)

.rel.init
 *(.rel.init)

.rela.init
 *(.rela.init)

.rel.text
 *(.rel.text)
 *(.rel.text.*)
 *(.rel.gnu.linkonce.t*)

.rela.text
 *(.rela.text)
 *(.rela.text.*)
 *(.rela.gnu.linkonce.t*)

.rel.fini
 *(.rel.fini)

.rela.fini
 *(.rela.fini)

.rel.rodata
 *(.rel.rodata)
 *(.rel.rodata.*)
 *(.rel.gnu.linkonce.r*)

.rela.rodata
 *(.rela.rodata)
 *(.rela.rodata.*)
 *(.rela.gnu.linkonce.r*)

.rel.data
 *(.rel.data)
 *(.rel.data.*)
 *(.rel.gnu.linkonce.d*)

.rela.data
 *(.rela.data)
 *(.rela.data.*)
 *(.rela.gnu.linkonce.d*)

.rel.ctors
 *(.rel.ctors)

.rela.ctors
 *(.rela.ctors)

.rel.dtors
 *(.rel.dtors)

.rela.dtors
 *(.rela.dtors)

.rel.got
 *(.rel.got)

.rela.got
 *(.rela.got)

.rel.bss
 *(.rel.bss)

.rela.bss
 *(.rela.bss)

.rel.plt
 *(.rel.plt)

.rela.plt
 *(.rela.plt)

.text           0x00000000      0xb56
 *(.vectors)
 .vectors       0x00000000       0x54 d:/emi/embedded system diploma/00-tools/03-imt sdk/03- imt sdk/imt_sdk_win_32/winavr/bin/../lib/gcc/avr/4.3.3/../../../../avr/lib/avr5/crtm32.o
                0x00000000                __vectors
                0x00000000                __vector_default
 *(.vectors)
 *(.progmem.gcc*)
 *(.progmem*)
                0x00000054                . = ALIGN (0x2)
                0x00000054                __trampolines_start = .
 *(.trampolines)
 .trampolines   0x00000054        0x0 linker stubs
 *(.trampolines*)
                0x00000054                __trampolines_end = .
 *(.jumptables)
 *(.jumptables*)
 *(.lowtext)
 *(.lowtext*)
                0x00000054                __ctors_start = .
 *(.ctors)
                0x00000054                __ctors_end = .
                0x00000054                __dtors_start = .
 *(.dtors)
                0x00000054                __dtors_end = .
 SORT(*)(.ctors)
 SORT(*)(.dtors)
 *(.init0)
 .init0         0x00000054        0x0 d:/emi/embedded system diploma/00-tools/03-imt sdk/03- imt sdk/imt_sdk_win_32/winavr/bin/../lib/gcc/avr/4.3.3/../../../../avr/lib/avr5/crtm32.o
                0x00000054                __init
 *(.init0)
 *(.init1)
 *(.init1)
 *(.init2)
 .init2         0x00000054        0xc d:/emi/embedded system diploma/00-tools/03-imt sdk/03- imt sdk/imt_sdk_win_32/winavr/bin/../lib/gcc/avr/4.3.3/../../../../avr/lib/avr5/crtm32.o
 *(.init2)
 *(.init3)
 *(.init3)
 *(.init4)
 .init4         0x00000060       0x16 d:/emi/embedded system diploma/00-tools/03-imt sdk/03- imt sdk/imt_sdk_win_32/winavr/bin/../lib/gcc/avr/4.3.3/avr5\libgcc.a(_copy_data.o)
                0x00000060                __do_copy_data
 *(.init4)
 *(.init5)
 *(.init5)
 *(.init6)
 *(.init6)
 *(.init7)
 *(.init7)
 *(.init8)
 *(.init8)
 *(.init9)
 .init9         0x00000076        0x8 d:/emi/embedded system diploma/00-tools/03-imt sdk/03- imt sdk/imt_sdk_win_32/winavr/bin/../lib/gcc/avr/4.3.3/../../../../avr/lib/avr5/crtm32.o
 *(.init9)
 *(.text)
 .text          0x0000007e        0x4 d:/emi/embedded system diploma/00-tools/03-imt sdk/03- imt sdk/imt_sdk_win_32/winavr/bin/../lib/gcc/avr/4.3.3/../../../../avr/lib/avr5/crtm32.o
                0x0000007e                __vector_1
                0x0000007e                __vector_12
                0x0000007e                __bad_interrupt
                0x0000007e                __vector_6
                0x0000007e                __vector_3
                0x0000007e                __vector_11
                0x0000007e                __vector_13
                0x0000007e                __vector_17
                0x0000007e                __vector_19
                0x0000007e                __vector_7
                0x0000007e                __vector_5
                0x0000007e                __vector_4
                0x0000007e                __vector_9
                0x0000007e                __vector_2
                0x0000007e                __vector_15
                0x0000007e                __vector_8
                0x0000007e                __vector_14
                0x0000007e                __vector_10
                0x0000007e                __vector_16
                0x0000007e                __vector_18
                0x0000007e                __vector_20
 .text          0x00000082        0x0 ./MCAL/TIMER_COUNTER_V1/Timer_Counter_prg.o
 .text          0x00000082        0x0 ./MCAL/INT_GIE_V1/INT_GIE_prg.o
 .text          0x00000082        0x0 ./MCAL/DIO_V1/DIO_prg.o
 .text          0x00000082        0x0 ./HAL/IR_Sensor_Handler/IR_Sensor_prg.o
 .text          0x00000082        0x0 ./HAL/DC_Motors_Handler/DC_Motors_prg.o
 .text          0x00000082        0x0 ./APP/main.o
 .text          0x00000082        0x0 d:/emi/embedded system diploma/00-tools/03-imt sdk/03- imt sdk/imt_sdk_win_32/winavr/bin/../lib/gcc/avr/4.3.3/avr5\libgcc.a(_exit.o)
 .text          0x00000082        0x0 d:/emi/embedded system diploma/00-tools/03-imt sdk/03- imt sdk/imt_sdk_win_32/winavr/bin/../lib/gcc/avr/4.3.3/../../../../avr/lib/avr5\libc.a(rand.o)
 .text          0x00000082        0x0 d:/emi/embedded system diploma/00-tools/03-imt sdk/03- imt sdk/imt_sdk_win_32/winavr/bin/../lib/gcc/avr/4.3.3/avr5\libgcc.a(_mulsi3.o)
 .text          0x00000082        0x0 d:/emi/embedded system diploma/00-tools/03-imt sdk/03- imt sdk/imt_sdk_win_32/winavr/bin/../lib/gcc/avr/4.3.3/avr5\libgcc.a(_divmodsi4.o)
 .text          0x00000082        0x0 d:/emi/embedded system diploma/00-tools/03-imt sdk/03- imt sdk/imt_sdk_win_32/winavr/bin/../lib/gcc/avr/4.3.3/avr5\libgcc.a(_prologue.o)
 .text          0x00000082        0x0 d:/emi/embedded system diploma/00-tools/03-imt sdk/03- imt sdk/imt_sdk_win_32/winavr/bin/../lib/gcc/avr/4.3.3/avr5\libgcc.a(_epilogue.o)
 .text          0x00000082        0x0 d:/emi/embedded system diploma/00-tools/03-imt sdk/03- imt sdk/imt_sdk_win_32/winavr/bin/../lib/gcc/avr/4.3.3/avr5\libgcc.a(_copy_data.o)
 .text          0x00000082        0x0 d:/emi/embedded system diploma/00-tools/03-imt sdk/03- imt sdk/imt_sdk_win_32/winavr/bin/../lib/gcc/avr/4.3.3/avr5\libgcc.a(_udivmodsi4.o)
                0x00000082                . = ALIGN (0x2)
 *(.text.*)
 .text.Timer_Voidinit
                0x00000082       0x2e ./MCAL/TIMER_COUNTER_V1/Timer_Counter_prg.o
                0x00000082                Timer_Voidinit
 .text.Timer_voidON
                0x000000b0       0x2e ./MCAL/TIMER_COUNTER_V1/Timer_Counter_prg.o
                0x000000b0                Timer_voidON
 .text.INT_GIE_Enable
                0x000000de       0x1c ./MCAL/INT_GIE_V1/INT_GIE_prg.o
                0x000000de                INT_GIE_Enable
 .text.INT_GIE_Disable
                0x000000fa       0x1c ./MCAL/INT_GIE_V1/INT_GIE_prg.o
                0x000000fa                INT_GIE_Disable
 .text.DIO_u8setPinDirection
                0x00000116      0x234 ./MCAL/DIO_V1/DIO_prg.o
                0x00000116                DIO_u8setPinDirection
 .text.DIO_u8setPinValue
                0x0000034a      0x234 ./MCAL/DIO_V1/DIO_prg.o
                0x0000034a                DIO_u8setPinValue
 .text.DIO_u8getPinValue
                0x0000057e      0x130 ./MCAL/DIO_V1/DIO_prg.o
                0x0000057e                DIO_u8getPinValue
 .text.SENSOR_vidinit
                0x000006ae       0x2c ./HAL/IR_Sensor_Handler/IR_Sensor_prg.o
                0x000006ae                SENSOR_vidinit
 .text.DC_MOTORS_vidinit
                0x000006da       0x36 ./HAL/DC_Motors_Handler/DC_Motors_prg.o
                0x000006da                DC_MOTORS_vidinit
 .text.INPUTS_vidCommand
                0x00000710       0x4a ./HAL/DC_Motors_Handler/DC_Motors_prg.o
                0x00000710                INPUTS_vidCommand
 .text.main     0x0000075a      0x142 ./APP/main.o
                0x0000075a                main
 .text.Start_Robot_Trainig.1293
                0x0000089c       0xce ./APP/main.o
 .text.libgcc   0x0000096a        0x0 d:/emi/embedded system diploma/00-tools/03-imt sdk/03- imt sdk/imt_sdk_win_32/winavr/bin/../lib/gcc/avr/4.3.3/avr5\libgcc.a(_exit.o)
 .text.avr-libc
                0x0000096a       0xc2 d:/emi/embedded system diploma/00-tools/03-imt sdk/03- imt sdk/imt_sdk_win_32/winavr/bin/../lib/gcc/avr/4.3.3/../../../../avr/lib/avr5\libc.a(rand.o)
                0x00000a06                rand_r
                0x00000a0c                rand
                0x00000a16                srand
 .text.libgcc   0x00000a2c       0x3e d:/emi/embedded system diploma/00-tools/03-imt sdk/03- imt sdk/imt_sdk_win_32/winavr/bin/../lib/gcc/avr/4.3.3/avr5\libgcc.a(_mulsi3.o)
                0x00000a2c                __mulsi3
 .text.libgcc   0x00000a6a       0x36 d:/emi/embedded system diploma/00-tools/03-imt sdk/03- imt sdk/imt_sdk_win_32/winavr/bin/../lib/gcc/avr/4.3.3/avr5\libgcc.a(_divmodsi4.o)
                0x00000a6a                __divmodsi4
 .text.libgcc   0x00000aa0       0x38 d:/emi/embedded system diploma/00-tools/03-imt sdk/03- imt sdk/imt_sdk_win_32/winavr/bin/../lib/gcc/avr/4.3.3/avr5\libgcc.a(_prologue.o)
                0x00000aa0                __prologue_saves__
 .text.libgcc   0x00000ad8       0x36 d:/emi/embedded system diploma/00-tools/03-imt sdk/03- imt sdk/imt_sdk_win_32/winavr/bin/../lib/gcc/avr/4.3.3/avr5\libgcc.a(_epilogue.o)
                0x00000ad8                __epilogue_restores__
 .text.libgcc   0x00000b0e        0x0 d:/emi/embedded system diploma/00-tools/03-imt sdk/03- imt sdk/imt_sdk_win_32/winavr/bin/../lib/gcc/avr/4.3.3/avr5\libgcc.a(_copy_data.o)
 .text.libgcc   0x00000b0e       0x44 d:/emi/embedded system diploma/00-tools/03-imt sdk/03- imt sdk/imt_sdk_win_32/winavr/bin/../lib/gcc/avr/4.3.3/avr5\libgcc.a(_udivmodsi4.o)
                0x00000b0e                __udivmodsi4
                0x00000b52                . = ALIGN (0x2)
 *(.fini9)
 .fini9         0x00000b52        0x0 d:/emi/embedded system diploma/00-tools/03-imt sdk/03- imt sdk/imt_sdk_win_32/winavr/bin/../lib/gcc/avr/4.3.3/avr5\libgcc.a(_exit.o)
                0x00000b52                exit
                0x00000b52                _exit
 *(.fini9)
 *(.fini8)
 *(.fini8)
 *(.fini7)
 *(.fini7)
 *(.fini6)
 *(.fini6)
 *(.fini5)
 *(.fini5)
 *(.fini4)
 *(.fini4)
 *(.fini3)
 *(.fini3)
 *(.fini2)
 *(.fini2)
 *(.fini1)
 *(.fini1)
 *(.fini0)
 .fini0         0x00000b52        0x4 d:/emi/embedded system diploma/00-tools/03-imt sdk/03- imt sdk/imt_sdk_win_32/winavr/bin/../lib/gcc/avr/4.3.3/avr5\libgcc.a(_exit.o)
 *(.fini0)
                0x00000b56                _etext = .

.data           0x00800060        0x4 load address 0x00000b56
                0x00800060                PROVIDE (__data_start, .)
 *(.data)
 .data          0x00800060        0x0 d:/emi/embedded system diploma/00-tools/03-imt sdk/03- imt sdk/imt_sdk_win_32/winavr/bin/../lib/gcc/avr/4.3.3/../../../../avr/lib/avr5/crtm32.o
 .data          0x00800060        0x0 ./MCAL/TIMER_COUNTER_V1/Timer_Counter_prg.o
 .data          0x00800060        0x0 ./MCAL/INT_GIE_V1/INT_GIE_prg.o
 .data          0x00800060        0x0 ./MCAL/DIO_V1/DIO_prg.o
 .data          0x00800060        0x0 ./HAL/IR_Sensor_Handler/IR_Sensor_prg.o
 .data          0x00800060        0x0 ./HAL/DC_Motors_Handler/DC_Motors_prg.o
 .data          0x00800060        0x0 ./APP/main.o
 .data          0x00800060        0x0 d:/emi/embedded system diploma/00-tools/03-imt sdk/03- imt sdk/imt_sdk_win_32/winavr/bin/../lib/gcc/avr/4.3.3/avr5\libgcc.a(_exit.o)
 .data          0x00800060        0x4 d:/emi/embedded system diploma/00-tools/03-imt sdk/03- imt sdk/imt_sdk_win_32/winavr/bin/../lib/gcc/avr/4.3.3/../../../../avr/lib/avr5\libc.a(rand.o)
 .data          0x00800064        0x0 d:/emi/embedded system diploma/00-tools/03-imt sdk/03- imt sdk/imt_sdk_win_32/winavr/bin/../lib/gcc/avr/4.3.3/avr5\libgcc.a(_mulsi3.o)
 .data          0x00800064        0x0 d:/emi/embedded system diploma/00-tools/03-imt sdk/03- imt sdk/imt_sdk_win_32/winavr/bin/../lib/gcc/avr/4.3.3/avr5\libgcc.a(_divmodsi4.o)
 .data          0x00800064        0x0 d:/emi/embedded system diploma/00-tools/03-imt sdk/03- imt sdk/imt_sdk_win_32/winavr/bin/../lib/gcc/avr/4.3.3/avr5\libgcc.a(_prologue.o)
 .data          0x00800064        0x0 d:/emi/embedded system diploma/00-tools/03-imt sdk/03- imt sdk/imt_sdk_win_32/winavr/bin/../lib/gcc/avr/4.3.3/avr5\libgcc.a(_epilogue.o)
 .data          0x00800064        0x0 d:/emi/embedded system diploma/00-tools/03-imt sdk/03- imt sdk/imt_sdk_win_32/winavr/bin/../lib/gcc/avr/4.3.3/avr5\libgcc.a(_copy_data.o)
 .data          0x00800064        0x0 d:/emi/embedded system diploma/00-tools/03-imt sdk/03- imt sdk/imt_sdk_win_32/winavr/bin/../lib/gcc/avr/4.3.3/avr5\libgcc.a(_udivmodsi4.o)
 *(.data*)
 *(.rodata)
 *(.rodata*)
 *(.gnu.linkonce.d*)
                0x00800064                . = ALIGN (0x2)
                0x00800064                _edata = .
                0x00800064                PROVIDE (__data_end, .)

.bss            0x00800064        0x0
                0x00800064                PROVIDE (__bss_start, .)
 *(.bss)
 .bss           0x00800064        0x0 d:/emi/embedded system diploma/00-tools/03-imt sdk/03- imt sdk/imt_sdk_win_32/winavr/bin/../lib/gcc/avr/4.3.3/../../../../avr/lib/avr5/crtm32.o
 .bss           0x00800064        0x0 ./MCAL/TIMER_COUNTER_V1/Timer_Counter_prg.o
 .bss           0x00800064        0x0 ./MCAL/INT_GIE_V1/INT_GIE_prg.o
 .bss           0x00800064        0x0 ./MCAL/DIO_V1/DIO_prg.o
 .bss           0x00800064        0x0 ./HAL/IR_Sensor_Handler/IR_Sensor_prg.o
 .bss           0x00800064        0x0 ./HAL/DC_Motors_Handler/DC_Motors_prg.o
 .bss           0x00800064        0x0 ./APP/main.o
 .bss           0x00800064        0x0 d:/emi/embedded system diploma/00-tools/03-imt sdk/03- imt sdk/imt_sdk_win_32/winavr/bin/../lib/gcc/avr/4.3.3/avr5\libgcc.a(_exit.o)
 .bss           0x00800064        0x0 d:/emi/embedded system diploma/00-tools/03-imt sdk/03- imt sdk/imt_sdk_win_32/winavr/bin/../lib/gcc/avr/4.3.3/../../../../avr/lib/avr5\libc.a(rand.o)
 .bss           0x00800064        0x0 d:/emi/embedded system diploma/00-tools/03-imt sdk/03- imt sdk/imt_sdk_win_32/winavr/bin/../lib/gcc/avr/4.3.3/avr5\libgcc.a(_mulsi3.o)
 .bss           0x00800064        0x0 d:/emi/embedded system diploma/00-tools/03-imt sdk/03- imt sdk/imt_sdk_win_32/winavr/bin/../lib/gcc/avr/4.3.3/avr5\libgcc.a(_divmodsi4.o)
 .bss           0x00800064        0x0 d:/emi/embedded system diploma/00-tools/03-imt sdk/03- imt sdk/imt_sdk_win_32/winavr/bin/../lib/gcc/avr/4.3.3/avr5\libgcc.a(_prologue.o)
 .bss           0x00800064        0x0 d:/emi/embedded system diploma/00-tools/03-imt sdk/03- imt sdk/imt_sdk_win_32/winavr/bin/../lib/gcc/avr/4.3.3/avr5\libgcc.a(_epilogue.o)
 .bss           0x00800064        0x0 d:/emi/embedded system diploma/00-tools/03-imt sdk/03- imt sdk/imt_sdk_win_32/winavr/bin/../lib/gcc/avr/4.3.3/avr5\libgcc.a(_copy_data.o)
 .bss           0x00800064        0x0 d:/emi/embedded system diploma/00-tools/03-imt sdk/03- imt sdk/imt_sdk_win_32/winavr/bin/../lib/gcc/avr/4.3.3/avr5\libgcc.a(_udivmodsi4.o)
 *(.bss*)
 *(COMMON)
                0x00800064                PROVIDE (__bss_end, .)
                0x00000b56                __data_load_start = LOADADDR (.data)
                0x00000b5a                __data_load_end = (__data_load_start + SIZEOF (.data))

.noinit         0x00800064        0x0
                0x00800064                PROVIDE (__noinit_start, .)
 *(.noinit*)
                0x00800064                PROVIDE (__noinit_end, .)
                0x00800064                _end = .
                0x00800064                PROVIDE (__heap_start, .)

.eeprom         0x00810000        0x0
 *(.eeprom*)
                0x00810000                __eeprom_end = .

.fuse
 *(.fuse)
 *(.lfuse)
 *(.hfuse)
 *(.efuse)

.lock
 *(.lock*)

.signature
 *(.signature*)

.stab           0x00000000     0x135c
 *(.stab)
 .stab          0x00000000      0x294 ./MCAL/TIMER_COUNTER_V1/Timer_Counter_prg.o
 .stab          0x00000294      0x1b0 ./MCAL/INT_GIE_V1/INT_GIE_prg.o
                                0x1bc (size before relaxing)
 .stab          0x00000444      0x4bc ./MCAL/DIO_V1/DIO_prg.o
                                0x4c8 (size before relaxing)
 .stab          0x00000900      0x360 ./HAL/IR_Sensor_Handler/IR_Sensor_prg.o
                                0x36c (size before relaxing)
 .stab          0x00000c60      0x264 ./HAL/DC_Motors_Handler/DC_Motors_prg.o
                                0x3fc (size before relaxing)
 .stab          0x00000ec4      0x498 ./APP/main.o
                                0x630 (size before relaxing)

.stabstr        0x00000000     0x1002
 *(.stabstr)
 .stabstr       0x00000000     0x1002 ./MCAL/TIMER_COUNTER_V1/Timer_Counter_prg.o

.stab.excl
 *(.stab.excl)

.stab.exclstr
 *(.stab.exclstr)

.stab.index
 *(.stab.index)

.stab.indexstr
 *(.stab.indexstr)

.comment
 *(.comment)

.debug
 *(.debug)

.line
 *(.line)

.debug_srcinfo
 *(.debug_srcinfo)

.debug_sfnames
 *(.debug_sfnames)

.debug_aranges
 *(.debug_aranges)

.debug_pubnames
 *(.debug_pubnames)

.debug_info
 *(.debug_info)
 *(.gnu.linkonce.wi.*)

.debug_abbrev
 *(.debug_abbrev)

.debug_line
 *(.debug_line)

.debug_frame
 *(.debug_frame)

.debug_str
 *(.debug_str)

.debug_loc
 *(.debug_loc)

.debug_macinfo
 *(.debug_macinfo)
OUTPUT(Line_Follower_1.elf elf32-avr)
LOAD linker stubs
